<html>
<body>
<pre>
<h1>µVision Build Log</h1>
<h2>Project:</h2>
E:\IoT\IoT_VNG\VBLUno_V2\Tutorial\mbed\mbedos2_blinky_KeiluVision\mbed_blinky.uvproj
Project File Date:  10/10/2016

<h2>Output:</h2>
Build target 'mbed_blinky'
compiling main.cpp...
main.cpp(34): warning:  #111-D: statement is unreachable
main.cpp: 1 warning, 0 errors
linking...
Program Size: Code=15124 RO-data=1636 RW-data=68 ZI-data=460  
FromELF: creating hex file...
After Build - User command #1: fromelf --bin --output=mbed_blinky.bin .\build\mbed_blinky.axf
".\build\mbed_blinky.axf" - 0 Error(s), 1 Warning(s).
Load "E:\\IoT\\IoT_VNG\\VBLUno_V2\\Tutorial\\mbed\\mbedos2_blinky_KeiluVision\\build\\mbed_blinky.axf" 
Full Chip Erase Done.
Programming Done.
Verify OK.
Application running ...
</pre>
</body>
</html>
