ARM Linker, 5.03 [Build 76] [MDK-ARM Standard]

==============================================================================

Section Cross References

    board.o(i.mbed_die) refers to gpio.o(i.gpio_init_out) for gpio_init_out
    board.o(i.mbed_die) refers to assert.o(i.mbed_assert_internal) for mbed_assert_internal
    board.o(i.mbed_die) refers to wait_api.o(i.wait_ms) for wait_ms
    board.o(i.mbed_die) refers to board.o(.conststring) for .conststring
    cmsis_nvic.o(i.NVIC_SetVector) refers to cmsis_nvic.o(.data) for .data
    main.o(i.__sti___8_main_cpp) refers to gpio.o(i.gpio_init_out) for gpio_init_out
    main.o(i.__sti___8_main_cpp) refers to Serial.o(i._ZN4mbed6SerialC1E7PinNameS1_PKc) for mbed::Serial::Serial(PinName, PinName, const char*)
    main.o(i.__sti___8_main_cpp) refers to aeabi_atexit.o(i.__aeabi_atexit) for __aeabi_atexit
    main.o(i.__sti___8_main_cpp) refers to main.o(.bss) for .bss
    main.o(i.__sti___8_main_cpp) refers to main.o(i._ZN4mbed6SerialD1Ev) for mbed::Serial::~Serial()
    main.o(i.main) refers to SerialBase.o(i._ZN4mbed10SerialBase4baudEi) for mbed::SerialBase::baud(int)
    main.o(i.main) refers to Stream.o(i._ZN4mbed6Stream6printfEPKcz) for mbed::Stream::printf(const char*, ...)
    main.o(i.main) refers to assert.o(i.mbed_assert_internal) for mbed_assert_internal
    main.o(i.main) refers to wait_api.o(i.wait) for wait
    main.o(i.main) refers to main.o(.bss) for .bss
    main.o(i.main) refers to main.o(.data) for .data
    main.o(i.main) refers to main.o(.constdata) for .constdata
    main.o(.ARM.exidx) refers to main.o(i.main) for i.main
    main.o(.ARM.exidx) refers to main.o(i.__sti___8_main_cpp) for i.__sti___8_main_cpp
    main.o(.init_array) refers to main.o(i.__sti___8_main_cpp) for __sti___8_main_cpp
    main.o(.init_array) refers to init_aeabi.o(.text) for __cpp_initialize__aeabi_
    retarget.o(i.$Sub$$main) refers to retarget.o(i.mbed_sdk_init) for mbed_sdk_init
    retarget.o(i.$Sub$$main) refers to retarget.o(i.mbed_main) for mbed_main
    retarget.o(i.$Sub$$main) refers to main.o(i.main) for $Super$$main
    retarget.o(i._ZN4mbed10FileHandleD0Ev) refers to delete.o(i._ZdlPv) for operator delete (void*)
    retarget.o(i._ZN4mbed10FileHandleD0Ev) refers to retarget.o(.constdata__ZTVN4mbed10FileHandleE) for vtable for mbed::FileHandle
    retarget.o(i._ZN4mbed10FileHandleD0Ev) refers to retarget.o(.bss) for .bss
    retarget.o(i._ZN4mbed10FileHandleD2Ev) refers to retarget.o(.constdata__ZTVN4mbed10FileHandleE) for vtable for mbed::FileHandle
    retarget.o(i._ZN4mbed10FileHandleD2Ev) refers to retarget.o(.bss) for .bss
    retarget.o(i._ZN4mbed26mbed_set_unbuffered_streamEPSt6__FILE) refers to setbuf.o(.text) for setbuf
    retarget.o(i._ZN4mbed9mbed_getcEPSt6__FILE) refers to fgetc.o(i.fgetc) for fgetc
    retarget.o(i._ZN4mbed9mbed_getsEPciPSt6__FILE) refers to fgets.o(.text) for fgets
    retarget.o(i._sys_close) refers to retarget.o(.bss) for .bss
    retarget.o(i._sys_ensure) refers to retarget.o(.bss) for .bss
    retarget.o(i._sys_flen) refers to retarget.o(.bss) for .bss
    retarget.o(i._sys_istty) refers to retarget.o(.bss) for .bss
    retarget.o(i._sys_open) refers to _scanf_int.o(.text) for _scanf_int
    retarget.o(i._sys_open) refers to strcmp.o(.text) for strcmp
    retarget.o(i._sys_open) refers to serial_api.o(i.serial_init) for serial_init
    retarget.o(i._sys_open) refers to FilePath.o(i._ZN4mbed8FilePathC1EPKc) for mbed::FilePath::FilePath(const char*)
    retarget.o(i._sys_open) refers to FilePath.o(i._ZN4mbed8FilePath6existsEv) for mbed::FilePath::exists()
    retarget.o(i._sys_open) refers to FilePath.o(i._ZN4mbed8FilePath6isFileEv) for mbed::FilePath::isFile()
    retarget.o(i._sys_open) refers to FilePath.o(i._ZN4mbed8FilePath4fileEv) for mbed::FilePath::file()
    retarget.o(i._sys_open) refers to __0sscanf.o(.text) for __0sscanf
    retarget.o(i._sys_open) refers to FilePath.o(i._ZN4mbed8FilePath10fileSystemEv) for mbed::FilePath::fileSystem()
    retarget.o(i._sys_open) refers to FilePath.o(i._ZN4mbed8FilePath8fileNameEv) for mbed::FilePath::fileName()
    retarget.o(i._sys_open) refers to retarget.o(.constdata) for .constdata
    retarget.o(i._sys_open) refers to serial_api.o(.data) for stdio_uart_inited
    retarget.o(i._sys_open) refers to retarget.o(.bss) for .bss
    retarget.o(i._sys_read) refers to serial_api.o(i.serial_init) for serial_init
    retarget.o(i._sys_read) refers to serial_api.o(i.serial_getc) for serial_getc
    retarget.o(i._sys_read) refers to serial_api.o(.data) for stdio_uart_inited
    retarget.o(i._sys_read) refers to retarget.o(.bss) for .bss
    retarget.o(i._sys_seek) refers to retarget.o(.bss) for .bss
    retarget.o(i._sys_write) refers to serial_api.o(i.serial_init) for serial_init
    retarget.o(i._sys_write) refers to serial_api.o(i.serial_putc) for serial_putc
[...]
    i._sys_close                             0x0001f07c   Section        0  retarget.o(i._sys_close)
    i._sys_flen                              0x0001f0a8   Section        0  retarget.o(i._sys_flen)
    i._sys_istty                             0x0001f0d0   Section        0  retarget.o(i._sys_istty)
    i._sys_open                              0x0001f0f8   Section        0  retarget.o(i._sys_open)
    i._sys_seek                              0x0001f238   Section        0  retarget.o(i._sys_seek)
    i._sys_write                             0x0001f260   Section        0  retarget.o(i._sys_write)
    i.error                                  0x0001f2c0   Section        0  error.o(i.error)
    i.exit                                   0x0001f2c6   Section        0  retarget.o(i.exit)
    i.fputc                                  0x0001f2d0   Section        0  fputc.o(i.fputc)
    i.gpio_dir                               0x0001f2f0   Section        0  gpio_api.o(i.gpio_dir)
    i.gpio_init                              0x0001f34c   Section        0  gpio_api.o(i.gpio_init)
    i.gpio_init_out                          0x0001f370   Section        0  gpio.o(i.gpio_init_out)
    i.gpio_init_out_ex                       0x0001f3b0   Section        0  gpio.o(i.gpio_init_out_ex)
    i.gpio_mode                              0x0001f410   Section        0  gpio_api.o(i.gpio_mode)
    i.main                                   0x0001f420   Section        0  main.o(i.main)
    i.mbed_assert_internal                   0x0001f4e0   Section        0  assert.o(i.mbed_assert_internal)
    i.mbed_die                               0x0001f524   Section        0  board.o(i.mbed_die)
    i.mbed_main                              0x0001f640   Section        0  retarget.o(i.mbed_main)
    i.mbed_sdk_init                          0x0001f642   Section        0  retarget.o(i.mbed_sdk_init)
    i.pin_mode                               0x0001f644   Section        0  pinmap.o(i.pin_mode)
    i.serial_baud                            0x0001f68c   Section        0  serial_api.o(i.serial_baud)
    i.serial_init                            0x0001f6e0   Section        0  serial_api.o(i.serial_init)
    i.serial_irq_handler                     0x0001f7e8   Section        0  serial_api.o(i.serial_irq_handler)
    i.serial_putc                            0x0001f7fc   Section        0  serial_api.o(i.serial_putc)
    i.ticker_irq_handler                     0x0001f81e   Section        0  ticker_api.o(i.ticker_irq_handler)
    i.us_ticker_clear_interrupt              0x0001f868   Section        0  us_ticker.o(i.us_ticker_clear_interrupt)
    i.us_ticker_disable_interrupt            0x0001f87c   Section        0  us_ticker.o(i.us_ticker_disable_interrupt)
    i.us_ticker_init                         0x0001f8a4   Section        0  us_ticker.o(i.us_ticker_init)
    i.us_ticker_irq_handler                  0x0001f908   Section        0  us_ticker_api.o(i.us_ticker_irq_handler)
    i.us_ticker_read                         0x0001f918   Section        0  us_ticker.o(i.us_ticker_read)
    i.us_ticker_set_interrupt                0x0001f974   Section        0  us_ticker.o(i.us_ticker_set_interrupt)
    i.wait                                   0x0001fa7c   Section        0  wait_api.o(i.wait)
    i.wait_ms                                0x0001faa0   Section        0  wait_api.o(i.wait_ms)
    locale$$code                             0x0001fabc   Section       44  lc_numeric_c.o(locale$$code)
    locale$$code                             0x0001fae8   Section       44  lc_ctype_c.o(locale$$code)
    x$fpl$fmul                               0x0001fb14   Section      176  fmul.o(x$fpl$fmul)
    x$fpl$printf1                            0x0001fbc4   Section       16  printf1.o(x$fpl$printf1)
    .constdata                               0x0001fbd4   Section       72  main.o(.constdata)
    x$fpl$usenofp                            0x0001fbd4   Section        0  usenofp.o(x$fpl$usenofp)
    .constdata                               0x0001fc1c   Section       23  retarget.o(.constdata)
    .constdata                               0x0001fc34   Section      144  serial_api.o(.constdata)
    acceptedSpeeds                           0x0001fc34   Data         144  serial_api.o(.constdata)
    .constdata                               0x0001fcc4   Section       20  us_ticker_api.o(.constdata)
    us_interface                             0x0001fcc4   Data          20  us_ticker_api.o(.constdata)
    .constdata                               0x0001fcd8   Section        8  us_ticker_api.o(.constdata)
    us_data                                  0x0001fcd8   Data           8  us_ticker_api.o(.constdata)
    .constdata                               0x0001fce0   Section       40  _printf_hex_int_ll_ptr.o(.constdata)
    uc_hextab                                0x0001fce0   Data          20  _printf_hex_int_ll_ptr.o(.constdata)
    lc_hextab                                0x0001fcf4   Data          20  _printf_hex_int_ll_ptr.o(.constdata)
    .constdata                               0x0001fd08   Section       17  __printf_flags_ss_wp.o(.constdata)
    maptable                                 0x0001fd08   Data          17  __printf_flags_ss_wp.o(.constdata)
    .constdata                               0x0001fd1c   Section        8  _printf_wctomb.o(.constdata)
    initial_mbstate                          0x0001fd1c   Data           8  _printf_wctomb.o(.constdata)
    .constdata                               0x0001fd24   Section      148  bigflt0.o(.constdata)
    tenpwrs_x                                0x0001fd24   Data          60  bigflt0.o(.constdata)
    tenpwrs_i                                0x0001fd60   Data          64  bigflt0.o(.constdata)
    .constdata__ZTVN4mbed10FileHandleE       0x0001fdb8   Section       44  retarget.o(.constdata__ZTVN4mbed10FileHandleE)
    .constdata__ZTVN4mbed10SerialBaseE       0x0001fde4   Section       16  SerialBase.o(.constdata__ZTVN4mbed10SerialBaseE)
    .constdata__ZTVN4mbed6SerialE            0x0001fdf4   Section       92  Serial.o(.constdata__ZTVN4mbed6SerialE)
    .constdata__ZTVN4mbed6StreamE            0x0001fe50   Section       68  Stream.o(.constdata__ZTVN4mbed6StreamE)
    .constdata__ZTVN4mbed8FileBaseE          0x0001fe94   Section       16  FileBase.o(.constdata__ZTVN4mbed8FileBaseE)
    .constdata__ZTVN4mbed8FileLikeE          0x0001fea4   Section       60  FileLike.o(.constdata__ZTVN4mbed8FileLikeE)
    .conststring                             0x0001fee0   Section      118  board.o(.conststring)
    .conststring                             0x0001ff58   Section      103  gpio_api.o(.conststring)
    .conststring                             0x0001ffc0   Section      101  pinmap.o(.conststring)
    locale$$data                             0x00020048   Section       28  lc_numeric_c.o(locale$$data)
    __lcnum_c_name                           0x0002004c   Data           2  lc_numeric_c.o(locale$$data)
    __lcnum_c_start                          0x00020054   Data           0  lc_numeric_c.o(locale$$data)
    __lcnum_c_point                          0x00020060   Data           0  lc_numeric_c.o(locale$$data)
    __lcnum_c_thousands                      0x00020062   Data           0  lc_numeric_c.o(locale$$data)
    __lcnum_c_grouping                       0x00020063   Data           0  lc_numeric_c.o(locale$$data)
    locale$$data                             0x00020064   Section      272  lc_ctype_c.o(locale$$data)
    __lcnum_c_end                            0x00020064   Data           0  lc_numeric_c.o(locale$$data)
    __lcctype_c_name                         0x00020068   Data           2  lc_ctype_c.o(locale$$data)
    __lcctype_c_start                        0x00020070   Data           0  lc_ctype_c.o(locale$$data)
    .init_array                              0x00020174   Section        4  main.o(.init_array)
    __lcctype_c_end                          0x00020174   Data           0  lc_ctype_c.o(locale$$data)
    .data                                    0x20002800   Section        4  main.o(.data)
    .data                                    0x20002804   Section        4  system_nrf51.o(.data)
    __tagsym$$used                           0x20002804   Number         0  system_nrf51.o(.data)
    .data                                    0x20002808   Section       20  serial_api.o(.data)
    serial_irq_ids                           0x20002808   Data           4  serial_api.o(.data)
    irq_handler                              0x20002810   Data           4  serial_api.o(.data)
    .data                                    0x2000281c   Section       12  us_ticker.o(.data)
    us_ticker_inited                         0x2000281c   Data           1  us_ticker.o(.data)
    us_ticker_callbackPending                0x2000281d   Data           1  us_ticker.o(.data)
    overflowCount                            0x20002820   Data           4  us_ticker.o(.data)
    us_ticker_callbackTimestamp              0x20002824   Data           4  us_ticker.o(.data)
    .data                                    0x20002828   Section        4  FileBase.o(.data)
    .data                                    0x2000282c   Section        8  us_ticker_api.o(.data)
    events                                   0x2000282c   Data           8  us_ticker_api.o(.data)
    .data                                    0x20002834   Section        4  stdio_streams.o(.data)
    .data                                    0x20002838   Section        4  stdio_streams.o(.data)
    .data                                    0x2000283c   Section        4  stdio_streams.o(.data)
    .data                                    0x20002840   Section        4  heapauxa.o(.data)
    __rt_heap_escrow_base                    0x20002840   Data           4  heapauxa.o(.data)
    .bss                                     0x20002844   Section      112  main.o(.bss)
    .bss                                     0x200028b4   Section       64  retarget.o(.bss)
    filehandles                              0x200028b4   Data          64  retarget.o(.bss)
    .bss                                     0x200028f4   Section        4  rt_ddtor_pointer_addr.o(.bss)
    __rt_ddtor_pointer_addr_data             0x200028f4   Data           4  rt_ddtor_pointer_addr.o(.bss)
    .bss                                     0x200028f8   Section       84  stdio_streams.o(.bss)
    .bss                                     0x2000294c   Section       84  stdio_streams.o(.bss)
    .bss                                     0x200029a0   Section       84  stdio_streams.o(.bss)
    .bss                                     0x200029f4   Section        4  rt_heap_descriptor.o(.bss)
    __rt_heap_descriptor_data                0x200029f4   Data           4  rt_heap_descriptor.o(.bss)
    .bss                                     0x200029f8   Section       20  rt_locale.o(.bss)
    __rt_locale_data                         0x200029f8   Data          20  rt_locale.o(.bss)
    .bss                                     0x20002a0c   Section        4  rt_errno_addr.o(.bss)
    __aeabi_errno_addr_data                  0x20002a0c   Data           4  rt_errno_addr.o(.bss)

    Global Symbols

    Symbol Name                              Value     Ov Type        Size  Object(Section)

    BuildAttributes$$THM_ISAv3M$S$PE$A:L22$X:L11$S22$IEEE1$IW$USESV6$~STKCKD$USESV7$~SHL$OTIME$ROPI$IEEEX$EBA8$UX$STANDARDLIB$REQ8$PRES8$EABIv2 0x00000000   Number         0  anon$$obj.o ABSOLUTE
    __ARM_use_no_argv                        0x00000000   Number         0  main.o ABSOLUTE
    _printf_flags                            0x00000000   Number         0  printf_stubs.o ABSOLUTE
    _printf_return_value                     0x00000000   Number         0  printf_stubs.o ABSOLUTE
    _printf_sizespec                         0x00000000   Number         0  printf_stubs.o ABSOLUTE
    _printf_widthprec                        0x00000000   Number         0  printf_stubs.o ABSOLUTE
    SHT$$ARM_EXIDX$$Base                      - Undefined Reference
    SHT$$ARM_EXIDX$$Limit                     - Undefined Reference
    __ARM::default_unexpected_handler()       - Undefined Weak Reference
    __ARM_exceptions_buffer_required          - Undefined Weak Reference
    __ARM_exceptions_init                     - Undefined Weak Reference
    __aeabi_unwind_cpp_pr1                    - Undefined Weak Reference
    __aeabi_unwind_cpp_pr2                    - Undefined Weak Reference
    __alloca_initialize                       - Undefined Weak Reference
    __cxa_begin_cleanup                       - Undefined Weak Reference
    __cxa_type_match                          - Undefined Weak Reference
    __rt_lib_shutdown                         - Undefined Weak Reference
    __sigvec_lookup                           - Undefined Weak Reference
    __user_heap_extent                        - Undefined Weak Reference
    _atexit_init                              - Undefined Weak Reference
    _clock_init                               - Undefined Weak Reference
    _fp_trap_init                             - Undefined Weak Reference
    _fp_trap_shutdown                         - Undefined Weak Reference
    _get_lc_collate                           - Undefined Weak Reference
    _get_lc_monetary                          - Undefined Weak Reference
    _get_lc_time                              - Undefined Weak Reference
    _getenv_init                              - Undefined Weak Reference
    _handle_redirection                       - Undefined Weak Reference
    _mutex_acquire                            - Undefined Weak Reference
    _mutex_free                               - Undefined Weak Reference
    _mutex_release                            - Undefined Weak Reference
    _printf_fp_hex                            - Undefined Weak Reference
    _printf_mbtowc                            - Undefined Weak Reference
    _printf_wc                                - Undefined Weak Reference
    _rand_init                                - Undefined Weak Reference
    _signal_finish                            - Undefined Weak Reference
    _signal_init                              - Undefined Weak Reference
    __Vectors_Size                           0x000000c0   Number         0  startup_nRF51822.o ABSOLUTE
    __Vectors                                0x0001c000   Data           4  startup_nRF51822.o(RESET)
    __dso_handle                             0x0001c000   Number         0  startup_nRF51822.o(RESET)
    __Vectors_End                            0x0001c0c0   Data           0  startup_nRF51822.o(RESET)
    __main                                   0x0001c0c1   Thumb Code     8  __main.o(!!!main)
    __scatterload                            0x0001c0c9   Thumb Code     0  __scatter.o(!!!scatter)
    __scatterload_rt2                        0x0001c0c9   Thumb Code    52  __scatter.o(!!!scatter)
    __scatterload_rt2_thumb_only             0x0001c0c9   Thumb Code     0  __scatter.o(!!!scatter)
    __scatterload_null                       0x0001c0d9   Thumb Code     0  __scatter.o(!!!scatter)
    __scatterload_copy                       0x0001c105   Thumb Code    26  __scatter_copy.o(!!handler_copy)
    __scatterload_zeroinit                   0x0001c121   Thumb Code    28  __scatter_zi.o(!!handler_zi)
    _printf_percent                          0x0001c13d   Thumb Code     0  _printf_percent.o(.ARM.Collect$$_printf_percent$$00000000)
    _printf_n                                0x0001c13f   Thumb Code     0  _printf_n.o(.ARM.Collect$$_printf_percent$$00000001)
    _printf_p                                0x0001c149   Thumb Code     0  _printf_p.o(.ARM.Collect$$_printf_percent$$00000002)
    _printf_f                                0x0001c153   Thumb Code     0  _printf_f.o(.ARM.Collect$$_printf_percent$$00000003)
    _printf_e                                0x0001c15d   Thumb Code     0  _printf_e.o(.ARM.Collect$$_printf_percent$$00000004)
    _printf_g                                0x0001c167   Thumb Code     0  _printf_g.o(.ARM.Collect$$_printf_percent$$00000005)
    _printf_a                                0x0001c171   Thumb Code     0  _printf_a.o(.ARM.Collect$$_printf_percent$$00000006)
    _printf_ll                               0x0001c17b   Thumb Code     0  _printf_ll.o(.ARM.Collect$$_printf_percent$$00000007)
    _printf_i                                0x0001c185   Thumb Code     0  _printf_i.o(.ARM.Collect$$_printf_percent$$00000008)
    _printf_d                                0x0001c18f   Thumb Code     0  _printf_d.o(.ARM.Collect$$_printf_percent$$00000009)
    _printf_u                                0x0001c199   Thumb Code     0  _printf_u.o(.ARM.Collect$$_printf_percent$$0000000A)
    _printf_o                                0x0001c1a3   Thumb Code     0  _printf_o.o(.ARM.Collect$$_printf_percent$$0000000B)
    _printf_x                                0x0001c1ad   Thumb Code     0  _printf_x.o(.ARM.Collect$$_printf_percent$$0000000C)
    _printf_lli                              0x0001c1b7   Thumb Code     0  _printf_lli.o(.ARM.Collect$$_printf_percent$$0000000D)
    _printf_lld                              0x0001c1c1   Thumb Code     0  _printf_lld.o(.ARM.Collect$$_printf_percent$$0000000E)
    _printf_llu                              0x0001c1cb   Thumb Code     0  _printf_llu.o(.ARM.Collect$$_printf_percent$$0000000F)
    _printf_llo                              0x0001c1d5   Thumb Code     0  _printf_llo.o(.ARM.Collect$$_printf_percent$$00000010)
    _printf_llx                              0x0001c1df   Thumb Code     0  _printf_llx.o(.ARM.Collect$$_printf_percent$$00000011)
    _printf_l                                0x0001c1e9   Thumb Code     0  _printf_l.o(.ARM.Collect$$_printf_percent$$00000012)
    _printf_c                                0x0001c1f3   Thumb Code     0  _printf_c.o(.ARM.Collect$$_printf_percent$$00000013)
    _printf_s                                0x0001c1fd   Thumb Code     0  _printf_s.o(.ARM.Collect$$_printf_percent$$00000014)
    _printf_lc                               0x0001c207   Thumb Code     0  _printf_lc.o(.ARM.Collect$$_printf_percent$$00000015)
    _printf_ls                               0x0001c211   Thumb Code     0  _printf_ls.o(.ARM.Collect$$_printf_percent$$00000016)
    _printf_percent_end                      0x0001c21b   Thumb Code     0  _printf_percent_end.o(.ARM.Collect$$_printf_percent$$00000017)
    __rt_lib_init                            0x0001c21f   Thumb Code     0  libinit.o(.ARM.Collect$$libinit$$00000000)
    __rt_lib_init_fp_1                       0x0001c221   Thumb Code     0  libinit2.o(.ARM.Collect$$libinit$$00000001)
    __rt_lib_init_heap_2                     0x0001c225   Thumb Code     0  libinit2.o(.ARM.Collect$$libinit$$00000003)
    __rt_lib_init_heap_1                     0x0001c22d   Thumb Code     0  libinit2.o(.ARM.Collect$$libinit$$00000008)
    __rt_lib_init_lc_common                  0x0001c22d   Thumb Code     0  libinit2.o(.ARM.Collect$$libinit$$0000000D)
    __rt_lib_init_rand_1                     0x0001c22d   Thumb Code     0  libinit2.o(.ARM.Collect$$libinit$$0000000C)
    __rt_lib_init_user_alloc_1               0x0001c22d   Thumb Code     0  libinit2.o(.ARM.Collect$$libinit$$0000000A)
    __rt_lib_init_lc_collate_1               0x0001c233   Thumb Code     0  libinit2.o(.ARM.Collect$$libinit$$0000000F)
    __rt_lib_init_lc_ctype_2                 0x0001c233   Thumb Code     0  libinit2.o(.ARM.Collect$$libinit$$00000010)
    __rt_lib_init_lc_ctype_1                 0x0001c23f   Thumb Code     0  libinit2.o(.ARM.Collect$$libinit$$00000011)
    __rt_lib_init_lc_monetary_1              0x0001c23f   Thumb Code     0  libinit2.o(.ARM.Collect$$libinit$$00000013)
    __rt_lib_init_lc_numeric_2               0x0001c23f   Thumb Code     0  libinit2.o(.ARM.Collect$$libinit$$00000014)
    __rt_lib_init_atexit_1                   0x0001c249   Thumb Code     0  libinit2.o(.ARM.Collect$$libinit$$00000019)
    __rt_lib_init_clock_1                    0x0001c249   Thumb Code     0  libinit2.o(.ARM.Collect$$libinit$$0000001F)
    __rt_lib_init_fp_trap_1                  0x0001c249   Thumb Code     0  libinit2.o(.ARM.Collect$$libinit$$0000001D)
    __rt_lib_init_getenv_1                   0x0001c249   Thumb Code     0  libinit2.o(.ARM.Collect$$libinit$$00000021)
    __rt_lib_init_lc_numeric_1               0x0001c249   Thumb Code     0  libinit2.o(.ARM.Collect$$libinit$$00000015)
    __rt_lib_init_lc_time_1                  0x0001c249   Thumb Code     0  libinit2.o(.ARM.Collect$$libinit$$00000017)
    __rt_lib_init_signal_1                   0x0001c249   Thumb Code     0  libinit2.o(.ARM.Collect$$libinit$$0000001B)
    __rt_lib_init_stdio_2                    0x0001c249   Thumb Code     0  libinit2.o(.ARM.Collect$$libinit$$00000022)
    __rt_lib_init_alloca_1                   0x0001c24d   Thumb Code     0  libinit2.o(.ARM.Collect$$libinit$$0000002C)
    __rt_lib_init_argv_1                     0x0001c24d   Thumb Code     0  libinit2.o(.ARM.Collect$$libinit$$0000002A)
    __rt_lib_init_cpp_2                      0x0001c24d   Thumb Code     0  libinit2.o(.ARM.Collect$$libinit$$0000002F)
    __rt_lib_init_exceptions_1               0x0001c24d   Thumb Code     0  libinit2.o(.ARM.Collect$$libinit$$0000002E)
    __rt_lib_init_stdio_1                    0x0001c24d   Thumb Code     0  libinit2.o(.ARM.Collect$$libinit$$00000023)
    __rt_lib_init_cpp_1                      0x0001c251   Thumb Code     0  libinit2.o(.ARM.Collect$$libinit$$00000030)
    __rt_lib_init_return                     0x0001c251   Thumb Code     0  libinit2.o(.ARM.Collect$$libinit$$00000031)
    __rt_lib_shutdown_cpp_1                  0x0001c253   Thumb Code     0  libshutdown2.o(.ARM.Collect$$libshutdown$$00000001)
    __rt_entry                               0x0001c259   Thumb Code     0  rtentry.o(.ARM.Collect$$rtentry$$00000000)
    __rt_entry_presh_1                       0x0001c259   Thumb Code     0  rtentry2.o(.ARM.Collect$$rtentry$$00000002)
    __rt_entry_sh                            0x0001c259   Thumb Code     0  rtentry4.o(.ARM.Collect$$rtentry$$00000004)
    __rt_lib_shutdown_stdio_2                0x0001c259   Thumb Code     0  libshutdown2.o(.ARM.Collect$$libshutdown$$00000003)
    __rt_entry_li                            0x0001c25f   Thumb Code     0  rtentry2.o(.ARM.Collect$$rtentry$$0000000A)
    __rt_entry_postsh_1                      0x0001c25f   Thumb Code     0  rtentry2.o(.ARM.Collect$$rtentry$$00000009)
    __rt_entry_main                          0x0001c263   Thumb Code     0  rtentry2.o(.ARM.Collect$$rtentry$$0000000D)
    __rt_entry_postli_1                      0x0001c263   Thumb Code     0  rtentry2.o(.ARM.Collect$$rtentry$$0000000C)
    __asm___14_system_nrf51_c_5d646a67__nrf_delay_us 0x0001c26d   Thumb Code    30  system_nrf51.o(.emb_text)
    __asm___11_us_ticker_c_476f7357__nrf_delay_us 0x0001c28d   Thumb Code    30  us_ticker.o(.emb_text)
    Reset_Handler                            0x0001c2ad   Thumb Code    18  startup_nRF51822.o(.text)
    _maybe_terminate_alloc                   0x0001c2ad   Thumb Code     0  maybetermalloc1.o(.emb_text)
    NMI_Handler                              0x0001c2bf   Thumb Code     2  startup_nRF51822.o(.text)
    HardFault_Handler                        0x0001c2c1   Thumb Code     2  startup_nRF51822.o(.text)
    SVC_Handler                              0x0001c2c3   Thumb Code     2  startup_nRF51822.o(.text)
    PendSV_Handler                           0x0001c2c5   Thumb Code     2  startup_nRF51822.o(.text)
    SysTick_Handler                          0x0001c2c7   Thumb Code     2  startup_nRF51822.o(.text)
    ADC_IRQHandler                           0x0001c2c9   Thumb Code     0  startup_nRF51822.o(.text)
    CCM_AAR_IRQHandler                       0x0001c2c9   Thumb Code     0  startup_nRF51822.o(.text)
    ECB_IRQHandler                           0x0001c2c9   Thumb Code     0  startup_nRF51822.o(.text)
    GPIOTE_IRQHandler                        0x0001c2c9   Thumb Code     0  startup_nRF51822.o(.text)
    LPCOMP_COMP_IRQHandler                   0x0001c2c9   Thumb Code     0  startup_nRF51822.o(.text)
    POWER_CLOCK_IRQHandler                   0x0001c2c9   Thumb Code     0  startup_nRF51822.o(.text)
    QDEC_IRQHandler                          0x0001c2c9   Thumb Code     0  startup_nRF51822.o(.text)
    RADIO_IRQHandler                         0x0001c2c9   Thumb Code     0  startup_nRF51822.o(.text)
    RNG_IRQHandler                           0x0001c2c9   Thumb Code     0  startup_nRF51822.o(.text)
    RTC0_IRQHandler                          0x0001c2c9   Thumb Code     0  startup_nRF51822.o(.text)
    SPI0_TWI0_IRQHandler                     0x0001c2c9   Thumb Code     0  startup_nRF51822.o(.text)
    SPI1_TWI1_IRQHandler                     0x0001c2c9   Thumb Code     0  startup_nRF51822.o(.text)
    SWI0_IRQHandler                          0x0001c2c9   Thumb Code     0  startup_nRF51822.o(.text)
    SWI1_IRQHandler                          0x0001c2c9   Thumb Code     0  startup_nRF51822.o(.text)
    SWI2_IRQHandler                          0x0001c2c9   Thumb Code     0  startup_nRF51822.o(.text)
    SWI3_IRQHandler                          0x0001c2c9   Thumb Code     0  startup_nRF51822.o(.text)
    SWI4_IRQHandler                          0x0001c2c9   Thumb Code     0  startup_nRF51822.o(.text)
    SWI5_IRQHandler                          0x0001c2c9   Thumb Code     0  startup_nRF51822.o(.text)
    TEMP_IRQHandler                          0x0001c2c9   Thumb Code     0  startup_nRF51822.o(.text)
    TIMER0_IRQHandler                        0x0001c2c9   Thumb Code     0  startup_nRF51822.o(.text)
    TIMER1_IRQHandler                        0x0001c2c9   Thumb Code     0  startup_nRF51822.o(.text)
    TIMER2_IRQHandler                        0x0001c2c9   Thumb Code     0  startup_nRF51822.o(.text)
    WDT_IRQHandler                           0x0001c2c9   Thumb Code     0  startup_nRF51822.o(.text)
    __aeabi_lmul                             0x0001c2d9   Thumb Code    48  llmul.o(.text)
    _ll_mul                                  0x0001c2d9   Thumb Code     0  llmul.o(.text)
    __aeabi_uldivmod                         0x0001c309   Thumb Code   258  lludiv.o(.text)
    _ll_udiv                                 0x0001c309   Thumb Code     0  lludiv.o(.text)
    __c89vfprintf                            0x0001c40b   Thumb Code    14  c89vfprintf.o(.text)
    __2sprintf                               0x0001c419   Thumb Code    40  __2sprintf.o(.text)
    _printf_longlong_hex                     0x0001c445   Thumb Code    88  _printf_hex_int_ll_ptr.o(.text)
    _printf_int_hex                          0x0001c49d   Thumb Code    28  _printf_hex_int_ll_ptr.o(.text)
    _printf_ll_hex                           0x0001c4b9   Thumb Code    10  _printf_hex_int_ll_ptr.o(.text)
    _printf_hex_ptr                          0x0001c4c3   Thumb Code    22  _printf_hex_int_ll_ptr.o(.text)
    __printf                                 0x0001c4dd   Thumb Code   386  __printf_flags_ss_wp.o(.text)
    __0sscanf                                0x0001c665   Thumb Code    54  __0sscanf.o(.text)
    _scanf_int                               0x0001c6a5   Thumb Code   330  _scanf_int.o(.text)
    _do_fflush                               0x0001c7f1   Thumb Code    54  fflush.o(.text)
    fflush                                   0x0001c827   Thumb Code    46  fflush.o(.text)
    freopen                                  0x0001c859   Thumb Code   148  fopen.o(.text)
    fopen                                    0x0001c8ed   Thumb Code    76  fopen.o(.text)
    setbuf                                   0x0001c941   Thumb Code    26  setbuf.o(.text)
    _fclose_internal                         0x0001c95d   Thumb Code    72  fclose.o(.text)
    fclose                                   0x0001c95d   Thumb Code     0  fclose.o(.text)
    strlen                                   0x0001c9a9   Thumb Code    62  strlen.o(.text)
    strncmp                                  0x0001c9ed   Thumb Code   154  strncmp.o(.text)
    _memset_w                                0x0001ca8d   Thumb Code    26  rt_memclr.o(.text)
    _memset                                  0x0001caa7   Thumb Code    30  rt_memclr.o(.text)
    __aeabi_memclr                           0x0001cac5   Thumb Code     4  rt_memclr.o(.text)
    __rt_memclr                              0x0001cac5   Thumb Code     0  rt_memclr.o(.text)
    __aeabi_memclr4                          0x0001cac9   Thumb Code     0  rt_memclr.o(.text)
    __aeabi_memclr8                          0x0001cac9   Thumb Code     0  rt_memclr.o(.text)
    __rt_memclr_w                            0x0001cac9   Thumb Code     4  rt_memclr.o(.text)
    strcmp                                   0x0001cacd   Thumb Code   132  strcmp.o(.text)
    __aeabi_uidiv                            0x0001cb55   Thumb Code     0  aeabi_sdivfast.o(.text)
    __aeabi_uidivmod                         0x0001cb55   Thumb Code    28  aeabi_sdivfast.o(.text)
    __aeabi_idiv                             0x0001cb71   Thumb Code     0  aeabi_sdivfast.o(.text)
    __aeabi_idivmod                          0x0001cb71   Thumb Code   460  aeabi_sdivfast.o(.text)
    __cpp_initialize__aeabi_                 0x0001cd3d   Thumb Code    26  init_aeabi.o(.text)
    __aeabi_f2iz                             0x0001cd61   Thumb Code     0  ffixi.o(.text)
    _ffix                                    0x0001cd61   Thumb Code    76  ffixi.o(.text)
    __rt_ddtor_pointer_addr                  0x0001cdad   Thumb Code     8  rt_ddtor_pointer_addr.o(.text)
    malloc                                   0x0001cdb5   Thumb Code    98  h1_alloc.o(.text)
    free                                     0x0001ce17   Thumb Code    76  h1_free.o(.text)
    _printf_pre_padding                      0x0001ce63   Thumb Code    44  _printf_pad.o(.text)
    _printf_post_padding                     0x0001ce8f   Thumb Code    34  _printf_pad.o(.text)
    _printf_truncate_signed                  0x0001ceb1   Thumb Code    18  _printf_truncate.o(.text)
    _printf_truncate_unsigned                0x0001cec3   Thumb Code    18  _printf_truncate.o(.text)
    _printf_str                              0x0001ced5   Thumb Code    82  _printf_str.o(.text)
    _printf_int_common                       0x0001cf27   Thumb Code   176  _printf_intcommon.o(.text)
    _printf_int_dec                          0x0001cfd9   Thumb Code    90  _printf_dec.o(.text)
    _printf_charcount                        0x0001d045   Thumb Code    40  _printf_charcount.o(.text)
    _printf_char_common                      0x0001d077   Thumb Code    32  _printf_char_common.o(.text)
    _sputc                                   0x0001d09d   Thumb Code    10  _sputc.o(.text)
    _printf_char_file                        0x0001d0a9   Thumb Code    34  _printf_char_file.o(.text)
    _printf_wctomb                           0x0001d0d1   Thumb Code   182  _printf_wctomb.o(.text)
    _printf_longlong_dec                     0x0001d18d   Thumb Code    94  _printf_longlong_dec.o(.text)
    _printf_longlong_oct                     0x0001d1fd   Thumb Code    68  _printf_oct_int_ll.o(.text)
    _printf_int_oct                          0x0001d241   Thumb Code    24  _printf_oct_int_ll.o(.text)
    _printf_ll_oct                           0x0001d259   Thumb Code    10  _printf_oct_int_ll.o(.text)
    _chval                                   0x0001d26d   Thumb Code    30  _chval.o(.text)
    __vfscanf_char                           0x0001d299   Thumb Code    28  scanf_char.o(.text)
    _sgetc                                   0x0001d2bd   Thumb Code    32  _sgetc.o(.text)
    _sbackspace                              0x0001d2dd   Thumb Code    36  _sgetc.o(.text)
    ferror                                   0x0001d301   Thumb Code     8  ferror.o(.text)
    __flsbuf                                 0x0001d309   Thumb Code   486  flsbuf.o(.text)
    __flsbuf_byte                            0x0001d309   Thumb Code     0  flsbuf.o(.text)
    __flsbuf_wide                            0x0001d309   Thumb Code     0  flsbuf.o(.text)
    _fseek                                   0x0001d4f9   Thumb Code   240  fseek.o(.text)
    fseek                                    0x0001d4f9   Thumb Code     0  fseek.o(.text)
    setvbuf                                  0x0001d5ed   Thumb Code    72  setvbuf.o(.text)
    _seterr                                  0x0001d639   Thumb Code    20  stdio.o(.text)
    _writebuf                                0x0001d64d   Thumb Code    76  stdio.o(.text)
    _fflush                                  0x0001d699   Thumb Code    76  stdio.o(.text)
    _deferredlazyseek                        0x0001d6e5   Thumb Code    60  stdio.o(.text)
    __rt_SIGPVFN                             0x0001d729   Thumb Code    12  defsig_pvfn_outer.o(.text)
    __rt_heap_descriptor                     0x0001d735   Thumb Code     8  rt_heap_descriptor.o(.text)
    __use_no_heap                            0x0001d73d   Thumb Code     2  hguard.o(.text)
    __heap$guard                             0x0001d73f   Thumb Code     2  hguard.o(.text)
    _terminate_user_alloc                    0x0001d741   Thumb Code     2  init_alloc.o(.text)
    _init_user_alloc                         0x0001d743   Thumb Code     2  init_alloc.o(.text)
    __Heap_Full                              0x0001d745   Thumb Code    32  init_alloc.o(.text)
    __Heap_Broken                            0x0001d765   Thumb Code    10  init_alloc.o(.text)
    _init_alloc                              0x0001d76f   Thumb Code    90  init_alloc.o(.text)
    __Heap_Initialize                        0x0001d7c9   Thumb Code    10  h1_init.o(.text)
    __Heap_DescSize                          0x0001d7d3   Thumb Code     4  h1_init.o(.text)
    _ll_udiv10                               0x0001d7d7   Thumb Code   122  lludiv10.o(.text)
    isspace                                  0x0001d851   Thumb Code    18  isspace.o(.text)
    __lib_sel_fp_printf                      0x0001d865   Thumb Code     2  _printf_fp_dec.o(.text)
    _printf_fp_dec_real                      0x0001da03   Thumb Code   618  _printf_fp_dec.o(.text)
    _printf_cs_common                        0x0001dc79   Thumb Code    22  _printf_char.o(.text)
    _printf_char                             0x0001dc8f   Thumb Code    16  _printf_char.o(.text)
    _printf_string                           0x0001dc9f   Thumb Code     8  _printf_char.o(.text)
    _printf_lcs_common                       0x0001dca7   Thumb Code    22  _printf_wchar.o(.text)
    _printf_wchar                            0x0001dcbd   Thumb Code    16  _printf_wchar.o(.text)
    _printf_wstring                          0x0001dccd   Thumb Code     8  _printf_wchar.o(.text)
    __vfscanf                                0x0001dcd5   Thumb Code   892  _scanf.o(.text)
    _ftell_internal                          0x0001e061   Thumb Code    66  ftell.o(.text)
    ftell                                    0x0001e061   Thumb Code     0  ftell.o(.text)
    _initio                                  0x0001e0a5   Thumb Code   216  initio.o(.text)
    _terminateio                             0x0001e17d   Thumb Code    56  initio.o(.text)
    _wcrtomb                                 0x0001e1e1   Thumb Code    68  _wcrtomb.o(.text)
    __sig_exit                               0x0001e225   Thumb Code    12  defsig_exit.o(.text)
    __rt_SIGPVFN_inner                       0x0001e231   Thumb Code    14  defsig_pvfn_inner.o(.text)
    __rt_udiv10                              0x0001e261   Thumb Code    40  rtudiv10.o(.text)
    _sys_exit                                0x0001e289   Thumb Code     8  sys_exit.o(.text)
    __rt_ctype_table                         0x0001e295   Thumb Code    16  rt_ctype_table.o(.text)
    __rt_locale                              0x0001e2a5   Thumb Code     8  rt_locale.o(.text)
    __aeabi_errno_addr                       0x0001e2ad   Thumb Code     8  rt_errno_addr.o(.text)
    __errno                                  0x0001e2ad   Thumb Code     0  rt_errno_addr.o(.text)
    __rt_errno_addr                          0x0001e2ad   Thumb Code     0  rt_errno_addr.o(.text)
    __Heap_ProvideMemory                     0x0001e2b5   Thumb Code    52  h1_extend.o(.text)
    _printf_fp_infnan                        0x0001e2e9   Thumb Code   120  _printf_fp_infnan.o(.text)
    _btod_etento                             0x0001e371   Thumb Code   200  bigflt0.o(.text)
    _btod_d2e                                0x0001e43d   Thumb Code    64  btod.o(.text)
    _btod_emul                               0x0001e833   Thumb Code    24  btod.o(.text)
    _btod_emuld                              0x0001e84b   Thumb Code    60  btod.o(.text)
    _btod_ediv                               0x0001e887   Thumb Code    22  btod.o(.text)
    _btod_edivd                              0x0001e89d   Thumb Code    60  btod.o(.text)
    __default_signal_display                 0x0001e8e5   Thumb Code    52  defsig_general.o(.text)
    __rt_SIGRTRED                            0x0001e919   Thumb Code    12  defsig_rtred_outer.o(.text)
    __rt_SIGRTMEM                            0x0001e925   Thumb Code    12  defsig_rtmem_outer.o(.text)
    __rt_heap_escrow                         0x0001e931   Thumb Code    24  heapauxa.o(.text)
    __rt_heap_expand                         0x0001e949   Thumb Code    52  heapauxa.o(.text)
    _ttywrch                                 0x0001e981   Thumb Code    12  sys_wrch.o(.text)
    __I$use$semihosting                      0x0001e98d   Thumb Code     0  use_no_semi.o(.text)
    __use_no_semihosting_swi                 0x0001e98d   Thumb Code     2  use_no_semi.o(.text)
    __semihosting_library_function           0x0001e98f   Thumb Code     0  indicate_semi.o(.text)
    __rt_SIGRTRED_inner                      0x0001e991   Thumb Code    14  defsig_rtred_inner.o(.text)
    __rt_SIGRTMEM_inner                      0x0001e9c5   Thumb Code    22  defsig_rtmem_inner.o(.text)
    main                                     0x0001ea15   Thumb Code    16  retarget.o(i.$Sub$$main)
    RTC1_IRQHandler                          0x0001ea2d   Thumb Code    98  us_ticker.o(i.RTC1_IRQHandler)
    SystemInit                               0x0001eaa9   Thumb Code   164  system_nrf51.o(i.SystemInit)
    UART0_IRQHandler                         0x0001eb69   Thumb Code    50  serial_api.o(i.UART0_IRQHandler)
    mbed::FileHandle::flen()                 0x0001eba9   Thumb Code    58  retarget.o(i._ZN4mbed10FileHandle4flenEv)
    mbed::FileHandle::~FileHandle()          0x0001ebe5   Thumb Code     0  retarget.o(i._ZN4mbed10FileHandleD2Ev)
    mbed::FileHandle::~FileHandle__sub_object() 0x0001ebe5   Thumb Code    34  retarget.o(i._ZN4mbed10FileHandleD2Ev)
    mbed::SerialBase::_base_putc(int)        0x0001ec11   Thumb Code    14  SerialBase.o(i._ZN4mbed10SerialBase10_base_putcEi)
    mbed::SerialBase::_irq_handler(unsigned, SerialIrq) 0x0001ec1f   Thumb Code    46  SerialBase.o(i._ZN4mbed10SerialBase12_irq_handlerEj9SerialIrq)
    mbed::SerialBase::baud(int)              0x0001ec4d   Thumb Code    16  SerialBase.o(i._ZN4mbed10SerialBase4baudEi)
    mbed::SerialBase::SerialBase(PinName, PinName) 0x0001ec5d   Thumb Code    62  SerialBase.o(i._ZN4mbed10SerialBaseC1E7PinNameS1_)
    mbed::SerialBase::SerialBase__sub_object(PinName, PinName) 0x0001ec5d   Thumb Code     0  SerialBase.o(i._ZN4mbed10SerialBaseC1E7PinNameS1_)
    mbed::mbed_set_unbuffered_stream(std::__FILE*) 0x0001eca9   Thumb Code    10  retarget.o(i._ZN4mbed26mbed_set_unbuffered_streamEPSt6__FILE)
    mbed::Serial::Serial(PinName, PinName, const char*) 0x0001ecb5   Thumb Code    32  Serial.o(i._ZN4mbed6SerialC1E7PinNameS1_PKc)
    mbed::Serial::Serial__sub_object(PinName, PinName, const char*) 0x0001ecb5   Thumb Code     0  Serial.o(i._ZN4mbed6SerialC1E7PinNameS1_PKc)
    mbed::Serial::~Serial()                  0x0001ece1   Thumb Code    12  main.o(i._ZN4mbed6SerialD1Ev)
    mbed::Serial::~Serial__sub_object()      0x0001ece1   Thumb Code     0  main.o(i._ZN4mbed6SerialD1Ev)
    mbed::Stream::flen()                     0x0001eced   Thumb Code     4  Stream.o(i._ZN4mbed6Stream4flenEv)
    mbed::Stream::close()                    0x0001ecf1   Thumb Code     4  Stream.o(i._ZN4mbed6Stream5closeEv)
    mbed::Stream::lseek(long, int)           0x0001ecf5   Thumb Code     4  Stream.o(i._ZN4mbed6Stream5lseekEli)
    mbed::Stream::write(const void*, unsigned) 0x0001ecf9   Thumb Code    38  Stream.o(i._ZN4mbed6Stream5writeEPKvj)
    mbed::Stream::isatty()                   0x0001ed1f   Thumb Code     4  Stream.o(i._ZN4mbed6Stream6isattyEv)
    mbed::Stream::printf(const char*, ...)   0x0001ed23   Thumb Code    32  Stream.o(i._ZN4mbed6Stream6printfEPKcz)
    mbed::Stream::Stream__sub_object(const char*) 0x0001ed45   Thumb Code    52  Stream.o(i._ZN4mbed6StreamC2EPKc)
    mbed::Stream::~Stream()                  0x0001ed89   Thumb Code     0  Stream.o(i._ZN4mbed6StreamD2Ev)
    mbed::Stream::~Stream__sub_object()      0x0001ed89   Thumb Code    26  Stream.o(i._ZN4mbed6StreamD2Ev)
    mbed::FileBase::getPathType()            0x0001edad   Thumb Code     4  FileBase.o(i._ZN4mbed8FileBase11getPathTypeEv)
    mbed::FileBase::lookup(const char*, unsigned) 0x0001edb1   Thumb Code    56  FileBase.o(i._ZN4mbed8FileBase6lookupEPKcj)
    mbed::FileBase::FileBase(const char*, mbed::PathType) 0x0001eded   Thumb Code    26  FileBase.o(i._ZN4mbed8FileBaseC1EPKcNS_8PathTypeE)
    mbed::FileBase::FileBase__sub_object(const char*, mbed::PathType) 0x0001eded   Thumb Code     0  FileBase.o(i._ZN4mbed8FileBaseC1EPKcNS_8PathTypeE)
    mbed::FileBase::~FileBase()              0x0001ee11   Thumb Code    44  FileBase.o(i._ZN4mbed8FileBaseD1Ev)
    mbed::FileBase::~FileBase__sub_object()  0x0001ee11   Thumb Code     0  FileBase.o(i._ZN4mbed8FileBaseD1Ev)
    mbed::FileLike::FileLike__sub_object(const char*) 0x0001ee45   Thumb Code    24  FileLike.o(i._ZN4mbed8FileLikeC2EPKc)
    mbed::FileLike::~FileLike()              0x0001ee69   Thumb Code     0  FileLike.o(i._ZN4mbed8FileLikeD2Ev)
    mbed::FileLike::~FileLike__sub_object()  0x0001ee69   Thumb Code    16  FileLike.o(i._ZN4mbed8FileLikeD2Ev)
    mbed::FilePath::fileSystem()             0x0001ee79   Thumb Code    26  FilePath.o(i._ZN4mbed8FilePath10fileSystemEv)
    mbed::FilePath::file()                   0x0001ee93   Thumb Code    32  FilePath.o(i._ZN4mbed8FilePath4fileEv)
    mbed::FilePath::exists()                 0x0001eeb3   Thumb Code    10  FilePath.o(i._ZN4mbed8FilePath6existsEv)
    mbed::FilePath::isFile()                 0x0001eebd   Thumb Code    24  FilePath.o(i._ZN4mbed8FilePath6isFileEv)
    mbed::FilePath::fileName()               0x0001eed5   Thumb Code     4  FilePath.o(i._ZN4mbed8FilePath8fileNameEv)
    mbed::FilePath::FilePath(const char*)    0x0001eed9   Thumb Code    68  FilePath.o(i._ZN4mbed8FilePathC1EPKc)
    mbed::FilePath::FilePath__sub_object(const char*) 0x0001eed9   Thumb Code     0  FilePath.o(i._ZN4mbed8FilePathC1EPKc)
    thunk{-64} to mbed::Serial::_putc(int)   0x0001ef1d   Thumb Code    10  Serial.o(i._ZThn64_N4mbed6Serial5_putcEi)
    __ARM_common_ll_muluu                    0x0001ef27   Thumb Code    48  btod.o(i.__ARM_common_ll_muluu)
    __ARM_fpclassify                         0x0001ef59   Thumb Code    38  fpclassify.o(i.__ARM_fpclassify)
    __aeabi_atexit                           0x0001ef85   Thumb Code    44  aeabi_atexit.o(i.__aeabi_atexit)
    __aeabi_vec_ctor_nocookie_nodtor         0x0001efb1   Thumb Code    32  aeabi_vec_ctor_nocookie_nodtor.o(i.__aeabi_vec_ctor_nocookie_nodtor)
    __cxa_finalize                           0x0001efd1   Thumb Code    66  cxa_finalize.o(i.__cxa_finalize)
    __cxa_pure_virtual                       0x0001f013   Thumb Code    10  pure_virt.o(i.__cxa_pure_virtual)
    __user_setup_stackheap                   0x0001f05d   Thumb Code    10  sys.o(i.__user_setup_stackheap)
    _is_digit                                0x0001f06d   Thumb Code    14  __printf_wp.o(i._is_digit)
    _sys_close                               0x0001f07d   Thumb Code    38  retarget.o(i._sys_close)
    _sys_flen                                0x0001f0a9   Thumb Code    34  retarget.o(i._sys_flen)
    _sys_istty                               0x0001f0d1   Thumb Code    34  retarget.o(i._sys_istty)
    _sys_open                                0x0001f0f9   Thumb Code   290  retarget.o(i._sys_open)
    _sys_seek                                0x0001f239   Thumb Code    36  retarget.o(i._sys_seek)
    _sys_write                               0x0001f261   Thumb Code    84  retarget.o(i._sys_write)
    error                                    0x0001f2c1   Thumb Code     6  error.o(i.error)
    exit                                     0x0001f2c7   Thumb Code    10  retarget.o(i.exit)
    fputc                                    0x0001f2d1   Thumb Code    30  fputc.o(i.fputc)
    gpio_dir                                 0x0001f2f1   Thumb Code    60  gpio_api.o(i.gpio_dir)
    gpio_init                                0x0001f34d   Thumb Code    30  gpio_api.o(i.gpio_init)
    gpio_init_out                            0x0001f371   Thumb Code    56  gpio.o(i.gpio_init_out)
    gpio_init_out_ex                         0x0001f3b1   Thumb Code    66  gpio.o(i.gpio_init_out_ex)
    gpio_mode                                0x0001f411   Thumb Code    14  gpio_api.o(i.gpio_mode)
    $Super$$main                             0x0001f421   Thumb Code   106  main.o(i.main)
    mbed_assert_internal                     0x0001f4e1   Thumb Code    16  assert.o(i.mbed_assert_internal)
    mbed_die                                 0x0001f525   Thumb Code   256  board.o(i.mbed_die)
    mbed_main                                0x0001f641   Thumb Code     2  retarget.o(i.mbed_main)
    mbed_sdk_init                            0x0001f643   Thumb Code     2  retarget.o(i.mbed_sdk_init)
    pin_mode                                 0x0001f645   Thumb Code    44  pinmap.o(i.pin_mode)
    serial_baud                              0x0001f68d   Thumb Code    78  serial_api.o(i.serial_baud)
    serial_init                              0x0001f6e1   Thumb Code   248  serial_api.o(i.serial_init)
    serial_irq_handler                       0x0001f7e9   Thumb Code    14  serial_api.o(i.serial_irq_handler)
    serial_putc                              0x0001f7fd   Thumb Code    34  serial_api.o(i.serial_putc)
    ticker_irq_handler                       0x0001f81f   Thumb Code    74  ticker_api.o(i.ticker_irq_handler)
    us_ticker_clear_interrupt                0x0001f869   Thumb Code    12  us_ticker.o(i.us_ticker_clear_interrupt)
    us_ticker_disable_interrupt              0x0001f87d   Thumb Code    26  us_ticker.o(i.us_ticker_disable_interrupt)
    us_ticker_init                           0x0001f8a5   Thumb Code    68  us_ticker.o(i.us_ticker_init)
    us_ticker_irq_handler                    0x0001f909   Thumb Code    10  us_ticker_api.o(i.us_ticker_irq_handler)
    us_ticker_read                           0x0001f919   Thumb Code    72  us_ticker.o(i.us_ticker_read)
    us_ticker_set_interrupt                  0x0001f975   Thumb Code   232  us_ticker.o(i.us_ticker_set_interrupt)
    wait                                     0x0001fa7d   Thumb Code    32  wait_api.o(i.wait)
    wait_ms                                  0x0001faa1   Thumb Code    28  wait_api.o(i.wait_ms)
    _get_lc_numeric                          0x0001fabd   Thumb Code    44  lc_numeric_c.o(locale$$code)
    _get_lc_ctype                            0x0001fae9   Thumb Code    44  lc_ctype_c.o(locale$$code)
    __aeabi_fmul                             0x0001fb15   Thumb Code     0  fmul.o(x$fpl$fmul)
    _fmul                                    0x0001fb15   Thumb Code   172  fmul.o(x$fpl$fmul)
    _printf_fp_dec                           0x0001fbc5   Thumb Code    16  printf1.o(x$fpl$printf1)
    __I$use$fp                               0x0001fbd4   Number         0  usenofp.o(x$fpl$usenofp)
    __stdin_name                             0x0001fc1c   Data           7  retarget.o(.constdata)
    __stdout_name                            0x0001fc23   Data           8  retarget.o(.constdata)
    __stderr_name                            0x0001fc2b   Data           8  retarget.o(.constdata)
    vtable for mbed::FileHandle              0x0001fdb8   Data          44  retarget.o(.constdata__ZTVN4mbed10FileHandleE)
    vtable for mbed::SerialBase              0x0001fde4   Data          16  SerialBase.o(.constdata__ZTVN4mbed10SerialBaseE)
    vtable for mbed::Serial                  0x0001fdf4   Data          92  Serial.o(.constdata__ZTVN4mbed6SerialE)
    vtable for mbed::Stream                  0x0001fe50   Data          68  Stream.o(.constdata__ZTVN4mbed6StreamE)
    vtable for mbed::FileBase                0x0001fe94   Data          16  FileBase.o(.constdata__ZTVN4mbed8FileBaseE)
    vtable for mbed::FileLike                0x0001fea4   Data          60  FileLike.o(.constdata__ZTVN4mbed8FileLikeE)
    Region$$Table$$Base                      0x00020028   Number         0  anon$$obj.o(Region$$Table)
    Region$$Table$$Limit                     0x00020048   Number         0  anon$$obj.o(Region$$Table)
    __ctype                                  0x00020071   Data           0  lc_ctype_c.o(locale$$data)
    SHT$$INIT_ARRAY$$Base                    0x00020174   Number         0  main.o(.init_array)
    SHT$$INIT_ARRAY$$Limit                   0x00020178   Number         0  main.o(.init_array)
    count                                    0x20002800   Data           4  main.o(.data)
    SystemCoreClock                          0x20002804   Data           4  system_nrf51.o(.data)
    stdio_uart_inited                        0x2000280c   Data           4  serial_api.o(.data)
    stdio_uart                               0x20002814   Data           8  serial_api.o(.data)
    mbed::FileBase::_head                    0x20002828   Data           4  FileBase.o(.data)
    __aeabi_stdin                            0x20002834   Data           4  stdio_streams.o(.data)
    __aeabi_stdout                           0x20002838   Data           4  stdio_streams.o(.data)
    __aeabi_stderr                           0x2000283c   Data           4  stdio_streams.o(.data)
    myled                                    0x20002844   Data          24  main.o(.bss)
    pc                                       0x2000285c   Data          88  main.o(.bss)
    __stdin                                  0x200028f8   Data          84  stdio_streams.o(.bss)
    __stdout                                 0x2000294c   Data          84  stdio_streams.o(.bss)
    __stderr                                 0x200029a0   Data          84  stdio_streams.o(.bss)
    Image$$RW_IRAM1$$ZI$$Limit               0x20002a10   Number         0  rt_errno_addr.o(.bss)



==============================================================================

Memory Map of the image

  Image Entry point : 0x0001c0c1

  Load Region LR_IROM1 (Base: 0x0001c000, Size: 0x000041bc, Max: 0x00024000, ABSOLUTE)

    Execution Region ER_IROM1 (Base: 0x0001c000, Size: 0x00004178, Max: 0x00024000, ABSOLUTE)

    Base Addr    Size         Type   Attr      Idx    E Section Name        Object

    0x0001c000   0x000000c0   Data   RO          431    RESET               startup_nRF51822.o
    0x0001c0c0   0x00000008   Code   RO          988  * !!!main             c_p.l(__main.o)
    0x0001c0c8   0x0000003c   Code   RO         1726    !!!scatter          c_p.l(__scatter.o)
    0x0001c104   0x0000001a   Code   RO         1728    !!handler_copy      c_p.l(__scatter_copy.o)
    0x0001c11e   0x00000002   PAD
    0x0001c120   0x0000001c   Code   RO         1730    !!handler_zi        c_p.l(__scatter_zi.o)
    0x0001c13c   0x00000002   Code   RO          934    .ARM.Collect$$_printf_percent$$00000000  c_p.l(_printf_percent.o)
    0x0001c13e   0x0000000a   Code   RO         1230    .ARM.Collect$$_printf_percent$$00000001  c_p.l(_printf_n.o)
    0x0001c148   0x0000000a   Code   RO          933    .ARM.Collect$$_printf_percent$$00000002  c_p.l(_printf_p.o)
    0x0001c152   0x0000000a   Code   RO         1236    .ARM.Collect$$_printf_percent$$00000003  c_p.l(_printf_f.o)
    0x0001c15c   0x0000000a   Code   RO         1237    .ARM.Collect$$_printf_percent$$00000004  c_p.l(_printf_e.o)
    0x0001c166   0x0000000a   Code   RO         1238    .ARM.Collect$$_printf_percent$$00000005  c_p.l(_printf_g.o)
    0x0001c170   0x0000000a   Code   RO         1239    .ARM.Collect$$_printf_percent$$00000006  c_p.l(_printf_a.o)
    0x0001c17a   0x0000000a   Code   RO         1244    .ARM.Collect$$_printf_percent$$00000007  c_p.l(_printf_ll.o)
    0x0001c184   0x0000000a   Code   RO         1233    .ARM.Collect$$_printf_percent$$00000008  c_p.l(_printf_i.o)
    0x0001c18e   0x0000000a   Code   RO         1234    .ARM.Collect$$_printf_percent$$00000009  c_p.l(_printf_d.o)
    0x0001c198   0x0000000a   Code   RO         1235    .ARM.Collect$$_printf_percent$$0000000A  c_p.l(_printf_u.o)
    0x0001c1a2   0x0000000a   Code   RO         1232    .ARM.Collect$$_printf_percent$$0000000B  c_p.l(_printf_o.o)
    0x0001c1ac   0x0000000a   Code   RO         1231    .ARM.Collect$$_printf_percent$$0000000C  c_p.l(_printf_x.o)
    0x0001c1b6   0x0000000a   Code   RO         1241    .ARM.Collect$$_printf_percent$$0000000D  c_p.l(_printf_lli.o)
    0x0001c1c0   0x0000000a   Code   RO         1242    .ARM.Collect$$_printf_percent$$0000000E  c_p.l(_printf_lld.o)
    0x0001c1ca   0x0000000a   Code   RO         1243    .ARM.Collect$$_printf_percent$$0000000F  c_p.l(_printf_llu.o)
    0x0001c1d4   0x0000000a   Code   RO         1248    .ARM.Collect$$_printf_percent$$00000010  c_p.l(_printf_llo.o)
    0x0001c1de   0x0000000a   Code   RO         1249    .ARM.Collect$$_printf_percent$$00000011  c_p.l(_printf_llx.o)
    0x0001c1e8   0x0000000a   Code   RO         1245    .ARM.Collect$$_printf_percent$$00000012  c_p.l(_printf_l.o)
    0x0001c1f2   0x0000000a   Code   RO         1228    .ARM.Collect$$_printf_percent$$00000013  c_p.l(_printf_c.o)
    0x0001c1fc   0x0000000a   Code   RO         1229    .ARM.Collect$$_printf_percent$$00000014  c_p.l(_printf_s.o)
    0x0001c206   0x0000000a   Code   RO         1246    .ARM.Collect$$_printf_percent$$00000015  c_p.l(_printf_lc.o)
    0x0001c210   0x0000000a   Code   RO         1247    .ARM.Collect$$_printf_percent$$00000016  c_p.l(_printf_ls.o)
    0x0001c21a   0x00000004   Code   RO         1240    .ARM.Collect$$_printf_percent$$00000017  c_p.l(_printf_percent_end.o)
    0x0001c21e   0x00000002   Code   RO         1603    .ARM.Collect$$libinit$$00000000  c_p.l(libinit.o)
    0x0001c220   0x00000004   Code   RO         1295    .ARM.Collect$$libinit$$00000001  c_p.l(libinit2.o)
    0x0001c224   0x00000008   Code   RO         1297    .ARM.Collect$$libinit$$00000003  c_p.l(libinit2.o)
    0x0001c22c   0x00000000   Code   RO         1299    .ARM.Collect$$libinit$$00000008  c_p.l(libinit2.o)
    0x0001c22c   0x00000000   Code   RO         1301    .ARM.Collect$$libinit$$0000000A  c_p.l(libinit2.o)
    0x0001c22c   0x00000000   Code   RO         1303    .ARM.Collect$$libinit$$0000000C  c_p.l(libinit2.o)
    0x0001c22c   0x00000006   Code   RO         1304    .ARM.Collect$$libinit$$0000000D  c_p.l(libinit2.o)
    0x0001c232   0x00000000   Code   RO         1306    .ARM.Collect$$libinit$$0000000F  c_p.l(libinit2.o)
    0x0001c232   0x0000000c   Code   RO         1307    .ARM.Collect$$libinit$$00000010  c_p.l(libinit2.o)
    0x0001c23e   0x00000000   Code   RO         1308    .ARM.Collect$$libinit$$00000011  c_p.l(libinit2.o)
    0x0001c23e   0x00000000   Code   RO         1310    .ARM.Collect$$libinit$$00000013  c_p.l(libinit2.o)
    0x0001c23e   0x0000000a   Code   RO         1311    .ARM.Collect$$libinit$$00000014  c_p.l(libinit2.o)
    0x0001c248   0x00000000   Code   RO         1312    .ARM.Collect$$libinit$$00000015  c_p.l(libinit2.o)
    0x0001c248   0x00000000   Code   RO         1314    .ARM.Collect$$libinit$$00000017  c_p.l(libinit2.o)
    0x0001c248   0x00000000   Code   RO         1316    .ARM.Collect$$libinit$$00000019  c_p.l(libinit2.o)
    0x0001c248   0x00000000   Code   RO         1318    .ARM.Collect$$libinit$$0000001B  c_p.l(libinit2.o)
    0x0001c248   0x00000000   Code   RO         1320    .ARM.Collect$$libinit$$0000001D  c_p.l(libinit2.o)
    0x0001c248   0x00000000   Code   RO         1322    .ARM.Collect$$libinit$$0000001F  c_p.l(libinit2.o)
    0x0001c248   0x00000000   Code   RO         1324    .ARM.Collect$$libinit$$00000021  c_p.l(libinit2.o)
    0x0001c248   0x00000004   Code   RO         1325    .ARM.Collect$$libinit$$00000022  c_p.l(libinit2.o)
    0x0001c24c   0x00000000   Code   RO         1326    .ARM.Collect$$libinit$$00000023  c_p.l(libinit2.o)
    0x0001c24c   0x00000000   Code   RO         1330    .ARM.Collect$$libinit$$0000002A  c_p.l(libinit2.o)
    0x0001c24c   0x00000000   Code   RO         1332    .ARM.Collect$$libinit$$0000002C  c_p.l(libinit2.o)
    0x0001c24c   0x00000000   Code   RO         1334    .ARM.Collect$$libinit$$0000002E  c_p.l(libinit2.o)
    0x0001c24c   0x00000004   Code   RO         1335    .ARM.Collect$$libinit$$0000002F  c_p.l(libinit2.o)
    0x0001c250   0x00000000   Code   RO         1336    .ARM.Collect$$libinit$$00000030  c_p.l(libinit2.o)
    0x0001c250   0x00000002   Code   RO         1337    .ARM.Collect$$libinit$$00000031  c_p.l(libinit2.o)
    0x0001c252   0x00000006   Code   RO         1338    .ARM.Collect$$libshutdown$$00000001  c_p.l(libshutdown2.o)
    0x0001c258   0x00000000   Code   RO         1340    .ARM.Collect$$libshutdown$$00000003  c_p.l(libshutdown2.o)
    0x0001c258   0x00000000   Code   RO         1118    .ARM.Collect$$rtentry$$00000000  c_p.l(rtentry.o)
    0x0001c258   0x00000000   Code   RO         1400    .ARM.Collect$$rtentry$$00000002  c_p.l(rtentry2.o)
    0x0001c258   0x00000006   Code   RO         1412    .ARM.Collect$$rtentry$$00000004  c_p.l(rtentry4.o)
    0x0001c25e   0x00000000   Code   RO         1402    .ARM.Collect$$rtentry$$00000009  c_p.l(rtentry2.o)
    0x0001c25e   0x00000004   Code   RO         1403    .ARM.Collect$$rtentry$$0000000A  c_p.l(rtentry2.o)
    0x0001c262   0x00000000   Code   RO         1405    .ARM.Collect$$rtentry$$0000000C  c_p.l(rtentry2.o)
    0x0001c262   0x00000008   Code   RO         1406    .ARM.Collect$$rtentry$$0000000D  c_p.l(rtentry2.o)
    0x0001c26a   0x00000002   PAD
    0x0001c26c   0x0000001e   Code   RO          439    .emb_text           system_nrf51.o
    0x0001c28a   0x00000002   PAD
    0x0001c28c   0x0000001e   Code   RO          773    .emb_text           mbed.ar(us_ticker.o)
    0x0001c2aa   0x00000002   PAD
    0x0001c2ac   0x00000000   Code   RO         1551    .emb_text           c_p.l(maybetermalloc1.o)
    0x0001c2ac   0x0000002c   Code   RO          432    .text               startup_nRF51822.o
    0x0001c2d8   0x00000030   Code   RO          880    .text               c_p.l(llmul.o)
    0x0001c308   0x00000102   Code   RO          882    .text               c_p.l(lludiv.o)
    0x0001c40a   0x0000000e   Code   RO          884    .text               c_p.l(c89vfprintf.o)
    0x0001c418   0x0000002c   Code   RO          886    .text               c_p.l(__2sprintf.o)
    0x0001c444   0x00000098   Code   RO          910    .text               c_p.l(_printf_hex_int_ll_ptr.o)
    0x0001c4dc   0x00000188   Code   RO          930    .text               c_p.l(__printf_flags_ss_wp.o)
    0x0001c664   0x00000040   Code   RO          937    .text               c_p.l(__0sscanf.o)
    0x0001c6a4   0x0000014a   Code   RO          939    .text               c_p.l(_scanf_int.o)
    0x0001c7ee   0x00000002   PAD
    0x0001c7f0   0x00000068   Code   RO          941    .text               c_p.l(fflush.o)
    0x0001c858   0x000000e8   Code   RO          955    .text               c_p.l(fopen.o)
    0x0001c940   0x0000001a   Code   RO          957    .text               c_p.l(setbuf.o)
    0x0001c95a   0x00000002   PAD
    0x0001c95c   0x0000004c   Code   RO          959    .text               c_p.l(fclose.o)
    0x0001c9a8   0x00000044   Code   RO          974    .text               c_p.l(strlen.o)
    0x0001c9ec   0x000000a0   Code   RO          976    .text               c_p.l(strncmp.o)
    0x0001ca8c   0x00000040   Code   RO          978    .text               c_p.l(rt_memclr.o)
    0x0001cacc   0x00000088   Code   RO          982    .text               c_p.l(strcmp.o)
    0x0001cb54   0x000001e8   Code   RO          984    .text               c_p.l(aeabi_sdivfast.o)
    0x0001cd3c   0x00000024   Code   RO          993    .text               c_p.l(init_aeabi.o)
    0x0001cd60   0x0000004c   Code   RO         1112    .text               fz_ps.l(ffixi.o)
    0x0001cdac   0x00000008   Code   RO         1132    .text               c_p.l(rt_ddtor_pointer_addr.o)
    0x0001cdb4   0x00000062   Code   RO         1141    .text               c_p.l(h1_alloc.o)
    0x0001ce16   0x0000004c   Code   RO         1143    .text               c_p.l(h1_free.o)
    0x0001ce62   0x0000004e   Code   RO         1199    .text               c_p.l(_printf_pad.o)
    0x0001ceb0   0x00000024   Code   RO         1201    .text               c_p.l(_printf_truncate.o)
    0x0001ced4   0x00000052   Code   RO         1203    .text               c_p.l(_printf_str.o)
    0x0001cf26   0x000000b0   Code   RO         1205    .text               c_p.l(_printf_intcommon.o)
    0x0001cfd6   0x00000002   PAD
    0x0001cfd8   0x0000006c   Code   RO         1207    .text               c_p.l(_printf_dec.o)
    0x0001d044   0x00000028   Code   RO         1209    .text               c_p.l(_printf_charcount.o)
    0x0001d06c   0x00000030   Code   RO         1211    .text               c_p.l(_printf_char_common.o)
    0x0001d09c   0x0000000a   Code   RO         1213    .text               c_p.l(_sputc.o)
    0x0001d0a6   0x00000002   PAD
    0x0001d0a8   0x00000028   Code   RO         1215    .text               c_p.l(_printf_char_file.o)
    0x0001d0d0   0x000000bc   Code   RO         1217    .text               c_p.l(_printf_wctomb.o)
    0x0001d18c   0x00000070   Code   RO         1220    .text               c_p.l(_printf_longlong_dec.o)
    0x0001d1fc   0x00000070   Code   RO         1226    .text               c_p.l(_printf_oct_int_ll.o)
    0x0001d26c   0x0000001e   Code   RO         1250    .text               c_p.l(_chval.o)
    0x0001d28a   0x00000002   PAD
    0x0001d28c   0x00000030   Code   RO         1256    .text               c_p.l(scanf_char.o)
    0x0001d2bc   0x00000044   Code   RO         1258    .text               c_p.l(_sgetc.o)
    0x0001d300   0x00000008   Code   RO         1268    .text               c_p.l(ferror.o)
    0x0001d308   0x000001f0   Code   RO         1272    .text               c_p.l(flsbuf.o)
    0x0001d4f8   0x000000f4   Code   RO         1274    .text               c_p.l(fseek.o)
    0x0001d5ec   0x0000004c   Code   RO         1276    .text               c_p.l(setvbuf.o)
    0x0001d638   0x000000f0   Code   RO         1278    .text               c_p.l(stdio.o)
    0x0001d728   0x0000000c   Code   RO         1291    .text               c_p.l(defsig_pvfn_outer.o)
    0x0001d734   0x00000008   Code   RO         1418    .text               c_p.l(rt_heap_descriptor.o)
    0x0001d73c   0x00000004   Code   RO         1423    .text               c_p.l(hguard.o)
    0x0001d740   0x00000088   Code   RO         1425    .text               c_p.l(init_alloc.o)
    0x0001d7c8   0x0000000e   Code   RO         1429    .text               c_p.l(h1_init.o)
    0x0001d7d6   0x0000007a   Code   RO         1443    .text               c_p.l(lludiv10.o)
    0x0001d850   0x00000012   Code   RO         1445    .text               c_p.l(isspace.o)
    0x0001d862   0x00000002   PAD
    0x0001d864   0x00000414   Code   RO         1447    .text               c_p.l(_printf_fp_dec.o)
    0x0001dc78   0x0000002e   Code   RO         1451    .text               c_p.l(_printf_char.o)
    0x0001dca6   0x0000002e   Code   RO         1455    .text               c_p.l(_printf_wchar.o)
    0x0001dcd4   0x0000038c   Code   RO         1457    .text               c_p.l(_scanf.o)
    0x0001e060   0x00000042   Code   RO         1467    .text               c_p.l(ftell.o)
    0x0001e0a2   0x00000002   PAD
    0x0001e0a4   0x0000013c   Code   RO         1475    .text               c_p.l(initio.o)
    0x0001e1e0   0x00000044   Code   RO         1497    .text               c_p.l(_wcrtomb.o)
    0x0001e224   0x0000000c   Code   RO         1499    .text               c_p.l(defsig_exit.o)
    0x0001e230   0x00000030   Code   RO         1501    .text               c_p.l(defsig_pvfn_inner.o)
    0x0001e260   0x00000028   Code   RO         1509    .text               c_p.l(rtudiv10.o)
    0x0001e288   0x0000000c   Code   RO         1535    .text               c_p.l(sys_exit.o)
    0x0001e294   0x00000010   Code   RO         1537    .text               c_p.l(rt_ctype_table.o)
    0x0001e2a4   0x00000008   Code   RO         1539    .text               c_p.l(rt_locale.o)
    0x0001e2ac   0x00000008   Code   RO         1544    .text               c_p.l(rt_errno_addr.o)
    0x0001e2b4   0x00000034   Code   RO         1553    .text               c_p.l(h1_extend.o)
    0x0001e2e8   0x00000088   Code   RO         1557    .text               c_p.l(_printf_fp_infnan.o)
    0x0001e370   0x000000cc   Code   RO         1559    .text               c_p.l(bigflt0.o)
    0x0001e43c   0x000004a8   Code   RO         1562    .text               c_p.l(btod.o)
    0x0001e8e4   0x00000034   Code   RO         1575    .text               c_p.l(defsig_general.o)
    0x0001e918   0x0000000c   Code   RO         1581    .text               c_p.l(defsig_rtred_outer.o)
    0x0001e924   0x0000000c   Code   RO         1585    .text               c_p.l(defsig_rtmem_outer.o)
    0x0001e930   0x00000050   Code   RO         1589    .text               c_p.l(heapauxa.o)
    0x0001e980   0x0000000c   Code   RO         1635    .text               c_p.l(sys_wrch.o)
    0x0001e98c   0x00000002   Code   RO         1637    .text               c_p.l(use_no_semi.o)
    0x0001e98e   0x00000000   Code   RO         1639    .text               c_p.l(indicate_semi.o)
    0x0001e98e   0x00000002   PAD
    0x0001e990   0x00000034   Code   RO         1664    .text               c_p.l(defsig_rtred_inner.o)
    0x0001e9c4   0x00000050   Code   RO         1666    .text               c_p.l(defsig_rtmem_inner.o)
    0x0001ea14   0x00000010   Code   RO          315    i.$Sub$$main        retarget.o
    0x0001ea24   0x00000008   Code   RO          611    i.<Func1>           mbed.ar(SerialBase.o)
    0x0001ea2c   0x0000007c   Code   RO          774    i.RTC1_IRQHandler   mbed.ar(us_ticker.o)
    0x0001eaa8   0x000000c0   Code   RO          441    i.SystemInit        system_nrf51.o
    0x0001eb68   0x00000040   Code   RO          450    i.UART0_IRQHandler  mbed.ar(serial_api.o)
    0x0001eba8   0x0000003a   Code   RO          425    i._ZN4mbed10FileHandle4flenEv  retarget.o
    0x0001ebe2   0x00000002   PAD
    0x0001ebe4   0x0000002c   Code   RO          317    i._ZN4mbed10FileHandleD2Ev  retarget.o
    0x0001ec10   0x0000000e   Code   RO          613    i._ZN4mbed10SerialBase10_base_putcEi  mbed.ar(SerialBase.o)
    0x0001ec1e   0x0000002e   Code   RO          615    i._ZN4mbed10SerialBase12_irq_handlerEj9SerialIrq  mbed.ar(SerialBase.o)
    0x0001ec4c   0x00000010   Code   RO          616    i._ZN4mbed10SerialBase4baudEi  mbed.ar(SerialBase.o)
    0x0001ec5c   0x0000004c   Code   RO          621    i._ZN4mbed10SerialBaseC1E7PinNameS1_  mbed.ar(SerialBase.o)
    0x0001eca8   0x0000000a   Code   RO          318    i._ZN4mbed26mbed_set_unbuffered_streamEPSt6__FILE  retarget.o
    0x0001ecb2   0x00000002   PAD
    0x0001ecb4   0x0000002c   Code   RO          573    i._ZN4mbed6SerialC1E7PinNameS1_PKc  mbed.ar(Serial.o)
    0x0001ece0   0x0000000c   Code   RO           45    i._ZN4mbed6SerialD1Ev  main.o
    0x0001ecec   0x00000004   Code   RO          656    i._ZN4mbed6Stream4flenEv  mbed.ar(Stream.o)
    0x0001ecf0   0x00000004   Code   RO          662    i._ZN4mbed6Stream5closeEv  mbed.ar(Stream.o)
    0x0001ecf4   0x00000004   Code   RO          664    i._ZN4mbed6Stream5lseekEli  mbed.ar(Stream.o)
    0x0001ecf8   0x00000026   Code   RO          666    i._ZN4mbed6Stream5writeEPKvj  mbed.ar(Stream.o)
    0x0001ed1e   0x00000004   Code   RO          667    i._ZN4mbed6Stream6isattyEv  mbed.ar(Stream.o)
    0x0001ed22   0x00000020   Code   RO          668    i._ZN4mbed6Stream6printfEPKcz  mbed.ar(Stream.o)
    0x0001ed42   0x00000002   PAD
    0x0001ed44   0x00000044   Code   RO          671    i._ZN4mbed6StreamC2EPKc  mbed.ar(Stream.o)
    0x0001ed88   0x00000024   Code   RO          673    i._ZN4mbed6StreamD2Ev  mbed.ar(Stream.o)
    0x0001edac   0x00000004   Code   RO          794    i._ZN4mbed8FileBase11getPathTypeEv  mbed.ar(FileBase.o)
    0x0001edb0   0x0000003c   Code   RO          796    i._ZN4mbed8FileBase6lookupEPKcj  mbed.ar(FileBase.o)
    0x0001edec   0x00000024   Code   RO          798    i._ZN4mbed8FileBaseC1EPKcNS_8PathTypeE  mbed.ar(FileBase.o)
    0x0001ee10   0x00000034   Code   RO          800    i._ZN4mbed8FileBaseD1Ev  mbed.ar(FileBase.o)
    0x0001ee44   0x00000024   Code   RO          824    i._ZN4mbed8FileLikeC2EPKc  mbed.ar(FileLike.o)
    0x0001ee68   0x00000010   Code   RO          826    i._ZN4mbed8FileLikeD2Ev  mbed.ar(FileLike.o)
    0x0001ee78   0x0000001a   Code   RO          546    i._ZN4mbed8FilePath10fileSystemEv  mbed.ar(FilePath.o)
    0x0001ee92   0x00000020   Code   RO          548    i._ZN4mbed8FilePath4fileEv  mbed.ar(FilePath.o)
    0x0001eeb2   0x0000000a   Code   RO          549    i._ZN4mbed8FilePath6existsEv  mbed.ar(FilePath.o)
    0x0001eebc   0x00000018   Code   RO          550    i._ZN4mbed8FilePath6isFileEv  mbed.ar(FilePath.o)
    0x0001eed4   0x00000004   Code   RO          551    i._ZN4mbed8FilePath8fileNameEv  mbed.ar(FilePath.o)
    0x0001eed8   0x00000044   Code   RO          552    i._ZN4mbed8FilePathC1EPKc  mbed.ar(FilePath.o)
    0x0001ef1c   0x0000000a   Code   RO          575    i._ZThn64_N4mbed6Serial5_putcEi  mbed.ar(Serial.o)
    0x0001ef26   0x00000030   Code   RO         1564    i.__ARM_common_ll_muluu  c_p.l(btod.o)
    0x0001ef56   0x00000002   PAD
    0x0001ef58   0x0000002c   Code   RO         1627    i.__ARM_fpclassify  m_ps.l(fpclassify.o)
    0x0001ef84   0x0000002c   Code   RO         1006    i.__aeabi_atexit    cpprt_p.l(aeabi_atexit.o)
    0x0001efb0   0x00000020   Code   RO         1009    i.__aeabi_vec_ctor_nocookie_nodtor  cpprt_p.l(aeabi_vec_ctor_nocookie_nodtor.o)
    0x0001efd0   0x00000042   Code   RO         1378    i.__cxa_finalize    cpprt_p.l(cxa_finalize.o)
    0x0001f012   0x0000000a   Code   RO         1003    i.__cxa_pure_virtual  cpprt_p.l(pure_virt.o)
    0x0001f01c   0x00000040   Code   RO           19    i.__sti___8_main_cpp  main.o
    0x0001f05c   0x00000010   Code   RO          434    i.__user_setup_stackheap  sys.o
    0x0001f06c   0x0000000e   Code   RO          923    i._is_digit         c_p.l(__printf_wp.o)
    0x0001f07a   0x00000002   PAD
    0x0001f07c   0x0000002c   Code   RO          321    i._sys_close        retarget.o
    0x0001f0a8   0x00000028   Code   RO          324    i._sys_flen         retarget.o
    0x0001f0d0   0x00000028   Code   RO          325    i._sys_istty        retarget.o
    0x0001f0f8   0x00000140   Code   RO          326    i._sys_open         retarget.o
    0x0001f238   0x00000028   Code   RO          328    i._sys_seek         retarget.o
    0x0001f260   0x00000060   Code   RO          329    i._sys_write        retarget.o
    0x0001f2c0   0x00000006   Code   RO          847    i.error             mbed.ar(error.o)
    0x0001f2c6   0x0000000a   Code   RO          331    i.exit              retarget.o
    0x0001f2d0   0x0000001e   Code   RO          950    i.fputc             c_p.l(fputc.o)
    0x0001f2ee   0x00000002   PAD
    0x0001f2f0   0x0000005c   Code   RO          753    i.gpio_dir          mbed.ar(gpio_api.o)
    0x0001f34c   0x00000024   Code   RO          754    i.gpio_init         mbed.ar(gpio_api.o)
    0x0001f370   0x00000040   Code   RO          731    i.gpio_init_out     mbed.ar(gpio.o)
    0x0001f3b0   0x00000060   Code   RO          732    i.gpio_init_out_ex  mbed.ar(gpio.o)
    0x0001f410   0x0000000e   Code   RO          755    i.gpio_mode         mbed.ar(gpio_api.o)
    0x0001f41e   0x00000002   PAD
    0x0001f420   0x000000c0   Code   RO           20    i.main              main.o
    0x0001f4e0   0x00000044   Code   RO          724    i.mbed_assert_internal  mbed.ar(assert.o)
    0x0001f524   0x0000011c   Code   RO            3    i.mbed_die          board.o
    0x0001f640   0x00000002   Code   RO          332    i.mbed_main         retarget.o
    0x0001f642   0x00000002   Code   RO          333    i.mbed_sdk_init     retarget.o
    0x0001f644   0x00000048   Code   RO          765    i.pin_mode          mbed.ar(pinmap.o)
    0x0001f68c   0x00000054   Code   RO          451    i.serial_baud       mbed.ar(serial_api.o)
    0x0001f6e0   0x00000108   Code   RO          458    i.serial_init       mbed.ar(serial_api.o)
    0x0001f7e8   0x00000014   Code   RO          459    i.serial_irq_handler  mbed.ar(serial_api.o)
    0x0001f7fc   0x00000022   Code   RO          461    i.serial_putc       mbed.ar(serial_api.o)
    0x0001f81e   0x0000004a   Code   RO          866    i.ticker_irq_handler  mbed.ar(ticker_api.o)
    0x0001f868   0x00000014   Code   RO          776    i.us_ticker_clear_interrupt  mbed.ar(us_ticker.o)
    0x0001f87c   0x00000028   Code   RO          777    i.us_ticker_disable_interrupt  mbed.ar(us_ticker.o)
    0x0001f8a4   0x00000064   Code   RO          778    i.us_ticker_init    mbed.ar(us_ticker.o)
    0x0001f908   0x00000010   Code   RO          854    i.us_ticker_irq_handler  mbed.ar(us_ticker_api.o)
    0x0001f918   0x0000005c   Code   RO          779    i.us_ticker_read    mbed.ar(us_ticker.o)
    0x0001f974   0x00000108   Code   RO          780    i.us_ticker_set_interrupt  mbed.ar(us_ticker.o)
    0x0001fa7c   0x00000024   Code   RO          743    i.wait              mbed.ar(wait_api.o)
    0x0001faa0   0x0000001c   Code   RO          744    i.wait_ms           mbed.ar(wait_api.o)
    0x0001fabc   0x0000002c   Code   RO         1569    locale$$code        c_p.l(lc_numeric_c.o)
    0x0001fae8   0x0000002c   Code   RO         1654    locale$$code        c_p.l(lc_ctype_c.o)
    0x0001fb14   0x000000b0   Code   RO         1114    x$fpl$fmul          fz_ps.l(fmul.o)
    0x0001fbc4   0x00000010   Code   RO         1391    x$fpl$printf1       fz_ps.l(printf1.o)
    0x0001fbd4   0x00000000   Code   RO         1395    x$fpl$usenofp       fz_ps.l(usenofp.o)
    0x0001fbd4   0x00000048   Data   RO           24    .constdata          main.o
    0x0001fc1c   0x00000017   Data   RO          374    .constdata          retarget.o
    0x0001fc33   0x00000001   PAD
    0x0001fc34   0x00000090   Data   RO          465    .constdata          mbed.ar(serial_api.o)
    0x0001fcc4   0x00000014   Data   RO          855    .constdata          mbed.ar(us_ticker_api.o)
    0x0001fcd8   0x00000008   Data   RO          856    .constdata          mbed.ar(us_ticker_api.o)
    0x0001fce0   0x00000028   Data   RO          911    .constdata          c_p.l(_printf_hex_int_ll_ptr.o)
    0x0001fd08   0x00000011   Data   RO          931    .constdata          c_p.l(__printf_flags_ss_wp.o)
    0x0001fd19   0x00000003   PAD
    0x0001fd1c   0x00000008   Data   RO         1218    .constdata          c_p.l(_printf_wctomb.o)
    0x0001fd24   0x00000094   Data   RO         1560    .constdata          c_p.l(bigflt0.o)
    0x0001fdb8   0x0000002c   Data   RO          424    .constdata__ZTVN4mbed10FileHandleE  retarget.o
    0x0001fde4   0x00000010   Data   RO          647    .constdata__ZTVN4mbed10SerialBaseE  mbed.ar(SerialBase.o)
    0x0001fdf4   0x0000005c   Data   RO          589    .constdata__ZTVN4mbed6SerialE  mbed.ar(Serial.o)
    0x0001fe50   0x00000044   Data   RO          721    .constdata__ZTVN4mbed6StreamE  mbed.ar(Stream.o)
    0x0001fe94   0x00000010   Data   RO          819    .constdata__ZTVN4mbed8FileBaseE  mbed.ar(FileBase.o)
    0x0001fea4   0x0000003c   Data   RO          842    .constdata__ZTVN4mbed8FileLikeE  mbed.ar(FileLike.o)
    0x0001fee0   0x00000076   Data   RO            4    .conststring        board.o
    0x0001ff56   0x00000002   PAD
    0x0001ff58   0x00000067   Data   RO          756    .conststring        mbed.ar(gpio_api.o)
    0x0001ffbf   0x00000001   PAD
    0x0001ffc0   0x00000065   Data   RO          766    .conststring        mbed.ar(pinmap.o)
    0x00020025   0x00000003   PAD
    0x00020028   0x00000020   Data   RO         1724    Region$$Table       anon$$obj.o
    0x00020048   0x0000001c   Data   RO         1568    locale$$data        c_p.l(lc_numeric_c.o)
    0x00020064   0x00000110   Data   RO         1653    locale$$data        c_p.l(lc_ctype_c.o)
    0x00020174   0x00000004   Data   RO           26    .init_array         main.o


    Execution Region RW_IRAM1 (Base: 0x20002800, Size: 0x00000210, Max: 0x00001800, ABSOLUTE)

    Base Addr    Size         Type   Attr      Idx    E Section Name        Object

    0x20002800   0x00000004   Data   RW           25    .data               main.o
    0x20002804   0x00000004   Data   RW          442    .data               system_nrf51.o
    0x20002808   0x00000014   Data   RW          466    .data               mbed.ar(serial_api.o)
    0x2000281c   0x0000000c   Data   RW          781    .data               mbed.ar(us_ticker.o)
    0x20002828   0x00000004   Data   RW          808    .data               mbed.ar(FileBase.o)
    0x2000282c   0x00000008   Data   RW          857    .data               mbed.ar(us_ticker_api.o)
    0x20002834   0x00000004   Data   RW         1284    .data               c_p.l(stdio_streams.o)
    0x20002838   0x00000004   Data   RW         1285    .data               c_p.l(stdio_streams.o)
    0x2000283c   0x00000004   Data   RW         1286    .data               c_p.l(stdio_streams.o)
    0x20002840   0x00000004   Data   RW         1590    .data               c_p.l(heapauxa.o)
    0x20002844   0x00000070   Zero   RW           23    .bss                main.o
    0x200028b4   0x00000040   Zero   RW          373    .bss                retarget.o
    0x200028f4   0x00000004   Zero   RW         1133    .bss                c_p.l(rt_ddtor_pointer_addr.o)
    0x200028f8   0x00000054   Zero   RW         1281    .bss                c_p.l(stdio_streams.o)
    0x2000294c   0x00000054   Zero   RW         1282    .bss                c_p.l(stdio_streams.o)
    0x200029a0   0x00000054   Zero   RW         1283    .bss                c_p.l(stdio_streams.o)
    0x200029f4   0x00000004   Zero   RW         1419    .bss                c_p.l(rt_heap_descriptor.o)
    0x200029f8   0x00000014   Zero   RW         1540    .bss                c_p.l(rt_locale.o)
    0x20002a0c   0x00000004   Zero   RW         1545    .bss                c_p.l(rt_errno_addr.o)


==============================================================================

Image component sizes


      Code (inc. data)   RO Data    RW Data    ZI Data      Debug   Object Name

       284         28        118          0          0         68   board.o
       268        104         76          4        112      37747   main.o
       722         74         67          0         64        884   retarget.o
        44         14        192          0          0        164   startup_nRF51822.o
        16          6          0          0          0         60   sys.o
       222         28          0          4          0        144   system_nrf51.o

    ----------------------------------------------------------------------
      1562        254        488          8        176      39067   Object Totals
         0          0         32          0          0          0   (incl. Generated)
         6          0          3          0          0          0   (incl. Padding)

    ----------------------------------------------------------------------

      Code (inc. data)   RO Data    RW Data    ZI Data      Debug   Library Member Name

        64         10          0          0          0         84   __0sscanf.o
        44          4          0          0          0         84   __2sprintf.o
         8          0          0          0          0         68   __main.o
       392          6         17          0          0         76   __printf_flags_ss_wp.o
        14          0          0          0          0         60   __printf_wp.o
        60          8          0          0          0          0   __scatter.o
        26          0          0          0          0          0   __scatter_copy.o
        28          0          0          0          0          0   __scatter_zi.o
        30          0          0          0          0         60   _chval.o
        10          0          0          0          0          0   _printf_a.o
        10          0          0          0          0          0   _printf_c.o
        46          0          0          0          0        100   _printf_char.o
        48          6          0          0          0         88   _printf_char_common.o
        40          6          0          0          0         72   _printf_char_file.o
        40          0          0          0          0         60   _printf_charcount.o
        10          0          0          0          0          0   _printf_d.o
       108         18          0          0          0         76   _printf_dec.o
        10          0          0          0          0          0   _printf_e.o
        10          0          0          0          0          0   _printf_f.o
      1044         12          0          0          0        176   _printf_fp_dec.o
       136         16          0          0          0         76   _printf_fp_infnan.o
        10          0          0          0          0          0   _printf_g.o
       152          4         40          0          0        148   _printf_hex_int_ll_ptr.o
        10          0          0          0          0          0   _printf_i.o
       176          0          0          0          0         84   _printf_intcommon.o
        10          0          0          0          0          0   _printf_l.o
        10          0          0          0          0          0   _printf_lc.o
        10          0          0          0          0          0   _printf_ll.o
        10          0          0          0          0          0   _printf_lld.o
        10          0          0          0          0          0   _printf_lli.o
        10          0          0          0          0          0   _printf_llo.o
        10          0          0          0          0          0   _printf_llu.o
        10          0          0          0          0          0   _printf_llx.o
       112         18          0          0          0         76   _printf_longlong_dec.o
        10          0          0          0          0          0   _printf_ls.o
        10          0          0          0          0          0   _printf_n.o
        10          0          0          0          0          0   _printf_o.o
       112         10          0          0          0        112   _printf_oct_int_ll.o
        10          0          0          0          0          0   _printf_p.o
        78          0          0          0          0        100   _printf_pad.o
         2          0          0          0          0          0   _printf_percent.o
         4          0          0          0          0          0   _printf_percent_end.o
        10          0          0          0          0          0   _printf_s.o
        82          0          0          0          0         72   _printf_str.o
        36          0          0          0          0         76   _printf_truncate.o
        10          0          0          0          0          0   _printf_u.o
        46          0          0          0          0        100   _printf_wchar.o
       188          6          8          0          0         80   _printf_wctomb.o
        10          0          0          0          0          0   _printf_x.o
       908         16          0          0          0         84   _scanf.o
       330          0          0          0          0         84   _scanf_int.o
        68          0          0          0          0         76   _sgetc.o
        10          0          0          0          0         60   _sputc.o
        68          0          0          0          0         72   _wcrtomb.o
       488          0          0          0          0         92   aeabi_sdivfast.o
       204          4        148          0          0         80   bigflt0.o
      1240         12          0          0          0        316   btod.o
        14          0          0          0          0         68   c89vfprintf.o
        12          0          0          0          0         68   defsig_exit.o
        52          0          0          0          0         72   defsig_general.o
        48         34          0          0          0         68   defsig_pvfn_inner.o
        12          0          0          0          0         68   defsig_pvfn_outer.o
        80         58          0          0          0         68   defsig_rtmem_inner.o
        12          0          0          0          0         68   defsig_rtmem_outer.o
        52         38          0          0          0         68   defsig_rtred_inner.o
        12          0          0          0          0         68   defsig_rtred_outer.o
        76          4          0          0          0         76   fclose.o
         8          0          0          0          0         60   ferror.o
       104          4          0          0          0        100   fflush.o
       496         10          0          0          0         76   flsbuf.o
       232          8          0          0          0        108   fopen.o
        30          0          0          0          0         68   fputc.o
       244          4          0          0          0         76   fseek.o
        66          0          0          0          0         68   ftell.o
        98          0          0          0          0         72   h1_alloc.o
        52          0          0          0          0         68   h1_extend.o
        76          0          0          0          0         72   h1_free.o
        14          0          0          0          0         76   h1_init.o
        80          4          0          4          0         88   heapauxa.o
         4          0          0          0          0        120   hguard.o
         0          0          0          0          0          0   indicate_semi.o
        36         10          0          0          0         72   init_aeabi.o
       136          0          0          0          0        160   init_alloc.o
       316         44          0          0          0         96   initio.o
        18          0          0          0          0         68   isspace.o
        44         10        272          0          0         76   lc_ctype_c.o
        44         10         28          0          0         76   lc_numeric_c.o
         2          0          0          0          0          0   libinit.o
        50          0          0          0          0          0   libinit2.o
         6          0          0          0          0          0   libshutdown2.o
        48          0          0          0          0         72   llmul.o
       258          0          0          0          0         88   lludiv.o
       122          0          0          0          0         72   lludiv10.o
         0          0          0          0          0          0   maybetermalloc1.o
        16          4          0          0          0         76   rt_ctype_table.o
         8          4          0          0          4         68   rt_ddtor_pointer_addr.o
         8          4          0          0          4         68   rt_errno_addr.o
         8          4          0          0          4         68   rt_heap_descriptor.o
         8          4          0          0         20         68   rt_locale.o
        64          0          0          0          0        108   rt_memclr.o
         0          0          0          0          0          0   rtentry.o
        12          0          0          0          0          0   rtentry2.o
         6          0          0          0          0          0   rtentry4.o
        40          0          0          0          0         60   rtudiv10.o
        48          8          0          0          0         84   scanf_char.o
        26          0          0          0          0         68   setbuf.o
        76          4          0          0          0         72   setvbuf.o
       240          8          0          0          0        144   stdio.o
         0          0          0         12        252          0   stdio_streams.o
       136          4          0          0          0         72   strcmp.o
        68          6          0          0          0         72   strlen.o
       160          6          0          0          0         76   strncmp.o
        12          4          0          0          0         60   sys_exit.o
        12          0          0          0          0         68   sys_wrch.o
         2          0          0          0          0         68   use_no_semi.o
        44          0          0          0          0         76   aeabi_atexit.o
        32          0          0          0          0         80   aeabi_vec_ctor_nocookie_nodtor.o
        66          0          0          0          0         76   cxa_finalize.o
        10          0          0          0          0         68   pure_virt.o
        76          0          0          0          0         68   ffixi.o
       176          4          0          0          0         80   fmul.o
        16          4          0          0          0         76   printf1.o
         0          0          0          0          0          0   usenofp.o
        44          6          0          0          0         60   fpclassify.o
       152         22         16          4          0        252   FileBase.o
        52         12         60          0          0        136   FileLike.o
       164          0          0          0          0        392   FilePath.o
        54         12         92          0          0        136   Serial.o
       160         14         16          0          0        360   SerialBase.o
       190         26         68          0          0        552   Stream.o
        68         52          0          0          0         68   assert.o
         6          0          0          0          0         64   error.o
       160         38          0          0          0        148   gpio.o
       142         38        103          0          0        200   gpio_api.o
        72         28        101          0          0         72   pinmap.o
       466         42        144         20          0        356   serial_api.o
        74          0          0          0          0         68   ticker_api.o
       670        132          0         12          0        476   us_ticker.o
        16          6         28          8          0         68   us_ticker_api.o
        64          4          0          0          0        144   wait_api.o

    ----------------------------------------------------------------------
     13562        894       1148         60        284      10692   Library Totals
        32          0          7          0          0          0   (incl. Padding)

    ----------------------------------------------------------------------

      Code (inc. data)   RO Data    RW Data    ZI Data      Debug   Library Name

     10556        454        513         16        284       6616   c_p.l
       152          0          0          0          0        300   cpprt_p.l
       268          8          0          0          0        224   fz_ps.l
        44          6          0          0          0         60   m_ps.l
      2510        426        628         44          0       3492   mbed.ar

    ----------------------------------------------------------------------
     13562        894       1148         60        284      10692   Library Totals

    ----------------------------------------------------------------------

==============================================================================


      Code (inc. data)   RO Data    RW Data    ZI Data      Debug   

     15124       1148       1636         68        460      42827   Grand Totals
     15124       1148       1636         68        460      42827   ELF Image Totals
     15124       1148       1636         68          0          0   ROM Totals

==============================================================================

    Total RO  Size (Code + RO Data)                16760 (  16.37kB)
    Total RW  Size (RW Data + ZI Data)               528 (   0.52kB)
    Total ROM Size (Code + RO Data + RW Data)      16828 (  16.43kB)

==============================================================================

